Archive member included to satisfy reference by file (symbol)

C:/Users/KauanFarias/.pico-sdk/toolchain/13_3_Rel1/bin/../lib/gcc/arm-none-eabi/13.3.1/thumb/v6-m/nofp\libgcc.a(_dvmd_tls.o)
                              CMakeFiles/tarefa.dir/C_/Users/KauanFarias/.pico-sdk/sdk/2.1.0/src/rp2_common/pico_divider/divider_hardware.S.obj (__aeabi_idiv0)
C:/Users/KauanFarias/.pico-sdk/toolchain/13_3_Rel1/bin/../lib/gcc/arm-none-eabi/13.3.1/thumb/v6-m/nofp\libg.a(libc_a-calloc.o)
                              CMakeFiles/tarefa.dir/C_/Users/KauanFarias/.pico-sdk/sdk/2.1.0/src/rp2_common/pico_malloc/malloc.c.obj (calloc)
C:/Users/KauanFarias/.pico-sdk/toolchain/13_3_Rel1/bin/../lib/gcc/arm-none-eabi/13.3.1/thumb/v6-m/nofp\libg.a(libc_a-callocr.o)
                              C:/Users/KauanFarias/.pico-sdk/toolchain/13_3_Rel1/bin/../lib/gcc/arm-none-eabi/13.3.1/thumb/v6-m/nofp\libg.a(libc_a-calloc.o) (_calloc_r)
C:/Users/KauanFarias/.pico-sdk/toolchain/13_3_Rel1/bin/../lib/gcc/arm-none-eabi/13.3.1/thumb/v6-m/nofp\libg.a(libc_a-malloc.o)
                              CMakeFiles/tarefa.dir/C_/Users/KauanFarias/.pico-sdk/sdk/2.1.0/src/rp2_common/pico_malloc/malloc.c.obj (malloc)
C:/Users/KauanFarias/.pico-sdk/toolchain/13_3_Rel1/bin/../lib/gcc/arm-none-eabi/13.3.1/thumb/v6-m/nofp\libg.a(libc_a-mallocr.o)
                              C:/Users/KauanFarias/.pico-sdk/toolchain/13_3_Rel1/bin/../lib/gcc/arm-none-eabi/13.3.1/thumb/v6-m/nofp\libg.a(libc_a-callocr.o) (_malloc_r)
C:/Users/KauanFarias/.pico-sdk/toolchain/13_3_Rel1/bin/../lib/gcc/arm-none-eabi/13.3.1/thumb/v6-m/nofp\libg.a(libc_a-mlock.o)
                              C:/Users/KauanFarias/.pico-sdk/toolchain/13_3_Rel1/bin/../lib/gcc/arm-none-eabi/13.3.1/thumb/v6-m/nofp\libg.a(libc_a-mallocr.o) (__malloc_lock)
C:/Users/KauanFarias/.pico-sdk/toolchain/13_3_Rel1/bin/../lib/gcc/arm-none-eabi/13.3.1/thumb/v6-m/nofp\libg.a(libc_a-realloc.o)
                              CMakeFiles/tarefa.dir/C_/Users/KauanFarias/.pico-sdk/sdk/2.1.0/src/rp2_common/pico_malloc/malloc.c.obj (realloc)
C:/Users/KauanFarias/.pico-sdk/toolchain/13_3_Rel1/bin/../lib/gcc/arm-none-eabi/13.3.1/thumb/v6-m/nofp\libg.a(libc_a-reallocr.o)
                              C:/Users/KauanFarias/.pico-sdk/toolchain/13_3_Rel1/bin/../lib/gcc/arm-none-eabi/13.3.1/thumb/v6-m/nofp\libg.a(libc_a-realloc.o) (_realloc_r)
C:/Users/KauanFarias/.pico-sdk/toolchain/13_3_Rel1/bin/../lib/gcc/arm-none-eabi/13.3.1/thumb/v6-m/nofp\libg.a(libc_a-memcmp.o)
                              CMakeFiles/tarefa.dir/C_/Users/KauanFarias/.pico-sdk/sdk/2.1.0/src/rp2_common/pico_atomic/atomic.c.obj (memcmp)
C:/Users/KauanFarias/.pico-sdk/toolchain/13_3_Rel1/bin/../lib/gcc/arm-none-eabi/13.3.1/thumb/v6-m/nofp\libg.a(libc_a-memmove.o)
                              C:/Users/KauanFarias/.pico-sdk/toolchain/13_3_Rel1/bin/../lib/gcc/arm-none-eabi/13.3.1/thumb/v6-m/nofp\libg.a(libc_a-reallocr.o) (memmove)
C:/Users/KauanFarias/.pico-sdk/toolchain/13_3_Rel1/bin/../lib/gcc/arm-none-eabi/13.3.1/thumb/v6-m/nofp\libg.a(libc_a-lcltime_r.o)
                              CMakeFiles/tarefa.dir/C_/Users/KauanFarias/.pico-sdk/sdk/2.1.0/src/common/pico_util/datetime.c.obj (localtime_r)
C:/Users/KauanFarias/.pico-sdk/toolchain/13_3_Rel1/bin/../lib/gcc/arm-none-eabi/13.3.1/thumb/v6-m/nofp\libg.a(libc_a-mktime.o)
                              CMakeFiles/tarefa.dir/C_/Users/KauanFarias/.pico-sdk/sdk/2.1.0/src/common/pico_util/datetime.c.obj (mktime)
C:/Users/KauanFarias/.pico-sdk/toolchain/13_3_Rel1/bin/../lib/gcc/arm-none-eabi/13.3.1/thumb/v6-m/nofp\libg.a(libc_a-month_lengths.o)
                              C:/Users/KauanFarias/.pico-sdk/toolchain/13_3_Rel1/bin/../lib/gcc/arm-none-eabi/13.3.1/thumb/v6-m/nofp\libg.a(libc_a-lcltime_r.o) (__month_lengths)
C:/Users/KauanFarias/.pico-sdk/toolchain/13_3_Rel1/bin/../lib/gcc/arm-none-eabi/13.3.1/thumb/v6-m/nofp\libg.a(libc_a-tzcalc_limits.o)
                              C:/Users/KauanFarias/.pico-sdk/toolchain/13_3_Rel1/bin/../lib/gcc/arm-none-eabi/13.3.1/thumb/v6-m/nofp\libg.a(libc_a-lcltime_r.o) (__tzcalc_limits)
C:/Users/KauanFarias/.pico-sdk/toolchain/13_3_Rel1/bin/../lib/gcc/arm-none-eabi/13.3.1/thumb/v6-m/nofp\libg.a(libc_a-tzlock.o)
                              C:/Users/KauanFarias/.pico-sdk/toolchain/13_3_Rel1/bin/../lib/gcc/arm-none-eabi/13.3.1/thumb/v6-m/nofp\libg.a(libc_a-lcltime_r.o) (__tz_lock)
C:/Users/KauanFarias/.pico-sdk/toolchain/13_3_Rel1/bin/../lib/gcc/arm-none-eabi/13.3.1/thumb/v6-m/nofp\libg.a(libc_a-tzset.o)
                              C:/Users/KauanFarias/.pico-sdk/toolchain/13_3_Rel1/bin/../lib/gcc/arm-none-eabi/13.3.1/thumb/v6-m/nofp\libg.a(libc_a-lcltime_r.o) (_tzset_unlocked)
C:/Users/KauanFarias/.pico-sdk/toolchain/13_3_Rel1/bin/../lib/gcc/arm-none-eabi/13.3.1/thumb/v6-m/nofp\libg.a(libc_a-tzset_r.o)
[...]
Memory Configuration

Name             Origin             Length             Attributes
FLASH            0x10000000         0x00200000         xr
RAM              0x20000000         0x00040000         xrw
SCRATCH_X        0x20040000         0x00001000         xrw
SCRATCH_Y        0x20041000         0x00001000         xrw
*default*        0x00000000         0xffffffff

Linker script and memory map

LOAD C:/Users/KauanFarias/.pico-sdk/toolchain/13_3_Rel1/bin/../lib/gcc/arm-none-eabi/13.3.1/thumb/v6-m/nofp/crti.o
LOAD C:/Users/KauanFarias/.pico-sdk/toolchain/13_3_Rel1/bin/../lib/gcc/arm-none-eabi/13.3.1/thumb/v6-m/nofp/crtbegin.o
LOAD C:/Users/KauanFarias/.pico-sdk/toolchain/13_3_Rel1/bin/../lib/gcc/arm-none-eabi/13.3.1/thumb/v6-m/nofp/crt0.o

.flash_begin    0x10000000        0x0
                0x10000000                        __flash_binary_start = .

.boot2          0x10000000      0x100
                0x10000000                        __boot2_start__ = .
 *(.boot2)
 .boot2         0x10000000      0x100 pico-sdk/src/rp2040/boot_stage2/CMakeFiles/bs2_default_library.dir/./bs2_default_padded_checksummed.S.obj
                0x10000100                        __boot2_end__ = .
                0x00000001                        ASSERT (((__boot2_end__ - __boot2_start__) == 0x100), ERROR: Pico second stage bootloader must be 256 bytes in size)

.text           0x10000100     0x2d90
                0x10000100                        __logical_binary_start = .
 *(.vectors)
 .vectors       0x10000100       0xd4 CMakeFiles/tarefa.dir/C_/Users/KauanFarias/.pico-sdk/sdk/2.1.0/src/rp2_common/pico_crt0/crt0.S.obj
                0x10000100                __VECTOR_TABLE
                0x10000100                __vectors
                0x100001c0                isr_invalid
                0x100001c0                __default_isrs_start
                0x100001c2                isr_nmi
                0x100001c4                isr_hardfault
                0x100001c6                isr_svcall
                0x100001c8                isr_pendsv
                0x100001ca                isr_systick
                0x100001cc                isr_irq23
                0x100001cc                isr_irq18
                0x100001cc                isr_irq11
                0x100001cc                isr_irq28
                0x100001cc                isr_irq19
                0x100001cc                isr_irq0
                0x100001cc                isr_irq6
                0x100001cc                isr_irq5
                0x100001cc                isr_irq12
                0x100001cc                isr_irq22
                0x100001cc                isr_irq31
                0x100001cc                isr_irq17
                0x100001cc                isr_irq27
                0x100001cc                isr_irq30
                0x100001cc                isr_irq2
                0x100001cc                isr_irq10
                0x100001cc                isr_irq8
                0x100001cc                isr_irq24
                0x100001cc                isr_irq1
                0x100001cc                isr_irq7
                0x100001cc                isr_irq21
                0x100001cc                isr_irq20
                0x100001cc                isr_irq15
                0x100001cc                isr_irq25
                0x100001cc                isr_irq13
                0x100001cc                __unhandled_user_irq
                0x100001cc                isr_irq4
                0x100001cc                isr_irq16
                0x100001cc                isr_irq29
                0x100001cc                isr_irq26
                0x100001cc                __default_isrs_end
                0x100001cc                isr_irq3
                0x100001cc                isr_irq14
                0x100001cc                isr_irq9
                0x100001d2                unhandled_user_irq_num_in_r0
 *(.binary_info_header)
 .binary_info_header
                0x100001d4       0x14 CMakeFiles/tarefa.dir/C_/Users/KauanFarias/.pico-sdk/sdk/2.1.0/src/rp2_common/pico_crt0/crt0.S.obj
                0x100001e8                        __binary_info_header_end = .
 *(.embedded_block)
                0x100001e8                        __embedded_block_end = .
 *(.reset)
 .reset         0x100001e8       0x9c CMakeFiles/tarefa.dir/C_/Users/KauanFarias/.pico-sdk/sdk/2.1.0/src/rp2_common/pico_crt0/crt0.S.obj
                0x100001e8                _entry_point
 *(.init)
 .init          0x10000284        0x4 C:/Users/KauanFarias/.pico-sdk/toolchain/13_3_Rel1/bin/../lib/gcc/arm-none-eabi/13.3.1/thumb/v6-m/nofp/crti.o
                0x10000284                _init
 *(EXCLUDE_FILE(*libm.a: *libc.a:*lib_a-mem*.o *libgcc.a:) .text*)
 .text.register_tm_clones
                0x10000288       0x28 C:/Users/KauanFarias/.pico-sdk/toolchain/13_3_Rel1/bin/../lib/gcc/arm-none-eabi/13.3.1/thumb/v6-m/nofp/crtbegin.o
 .text.frame_dummy
                0x100002b0       0x24 C:/Users/KauanFarias/.pico-sdk/toolchain/13_3_Rel1/bin/../lib/gcc/arm-none-eabi/13.3.1/thumb/v6-m/nofp/crtbegin.o
 .text.gpio_callback_a
                0x100002d4       0x5c CMakeFiles/tarefa.dir/tarefa.c.obj
                0x100002d4                gpio_callback_a
 .text.gpio_callback_b
                0x10000330       0x5c CMakeFiles/tarefa.dir/tarefa.c.obj
                0x10000330                gpio_callback_b
 .text.setup    0x1000038c       0xb0 CMakeFiles/tarefa.dir/tarefa.c.obj
                0x1000038c                setup
 .text.loop     0x1000043c      0x230 CMakeFiles/tarefa.dir/tarefa.c.obj
                0x1000043c                loop
 .text.startup.main
                0x1000066c        0xc CMakeFiles/tarefa.dir/tarefa.c.obj
                0x1000066c                main
 .text.ws2812_init
                0x10000678       0xa4 CMakeFiles/tarefa.dir/ws2812.c.obj
                0x10000678                ws2812_init
 .text.ws2812_show_number
                0x1000071c       0x44 CMakeFiles/tarefa.dir/ws2812.c.obj
                0x1000071c                ws2812_show_number
 .text.ssd1306_clear
                0x10000760       0x14 CMakeFiles/tarefa.dir/ssd1306.c.obj
                0x10000760                ssd1306_clear
 .text.ssd1306_display
                0x10000774       0x80 CMakeFiles/tarefa.dir/ssd1306.c.obj
                0x10000774                ssd1306_display
 .text.ssd1306_init
                0x100007f4      0x26c CMakeFiles/tarefa.dir/ssd1306.c.obj
                0x100007f4                ssd1306_init
 .text.ssd1306_draw_char
                0x10000a60        0x4 CMakeFiles/tarefa.dir/ssd1306.c.obj
                0x10000a60                ssd1306_draw_char
 .text.ssd1306_set_cursor
                0x10000a64        0x4 CMakeFiles/tarefa.dir/ssd1306.c.obj
                0x10000a64                ssd1306_set_cursor
 .text.ssd1306_write_string
                0x10000a68        0xc CMakeFiles/tarefa.dir/ssd1306.c.obj
                0x10000a68                ssd1306_write_string
 .text.gpio_default_irq_handler
                0x10000a74      0x274 CMakeFiles/tarefa.dir/C_/Users/KauanFarias/.pico-sdk/sdk/2.1.0/src/rp2_common/hardware_gpio/gpio.c.obj
 .text.gpio_set_function
                0x10000ce8       0x34 CMakeFiles/tarefa.dir/C_/Users/KauanFarias/.pico-sdk/sdk/2.1.0/src/rp2_common/hardware_gpio/gpio.c.obj
                0x10000ce8                gpio_set_function
 .text.gpio_set_pulls
                0x10000d1c       0x28 CMakeFiles/tarefa.dir/C_/Users/KauanFarias/.pico-sdk/sdk/2.1.0/src/rp2_common/hardware_gpio/gpio.c.obj
                0x10000d1c                gpio_set_pulls
 .text.gpio_set_irq_enabled_with_callback
                0x10000d44       0xd0 CMakeFiles/tarefa.dir/C_/Users/KauanFarias/.pico-sdk/sdk/2.1.0/src/rp2_common/hardware_gpio/gpio.c.obj
                0x10000d44                gpio_set_irq_enabled_with_callback
 .text.gpio_init
                0x10000e14       0x40 CMakeFiles/tarefa.dir/C_/Users/KauanFarias/.pico-sdk/sdk/2.1.0/src/rp2_common/hardware_gpio/gpio.c.obj
                0x10000e14                gpio_init
 .text.panic    0x10000e54       0x30 CMakeFiles/tarefa.dir/C_/Users/KauanFarias/.pico-sdk/sdk/2.1.0/src/rp2_common/pico_platform_panic/panic.c.obj
                0x10000e54                panic
 .text.hw_claim_lock
                0x10000e84       0x18 CMakeFiles/tarefa.dir/C_/Users/KauanFarias/.pico-sdk/sdk/2.1.0/src/common/hardware_claim/claim.c.obj
                0x10000e84                hw_claim_lock
 .text.hw_claim_unlock
                0x10000e9c       0x14 CMakeFiles/tarefa.dir/C_/Users/KauanFarias/.pico-sdk/sdk/2.1.0/src/common/hardware_claim/claim.c.obj
                0x10000e9c                hw_claim_unlock
 .text.hw_claim_or_assert
                0x10000eb0       0x44 CMakeFiles/tarefa.dir/C_/Users/KauanFarias/.pico-sdk/sdk/2.1.0/src/common/hardware_claim/claim.c.obj
                0x10000eb0                hw_claim_or_assert
 .text.next_striped_spin_lock_num
                0x10000ef4       0x18 CMakeFiles/tarefa.dir/C_/Users/KauanFarias/.pico-sdk/sdk/2.1.0/src/rp2_common/hardware_sync/sync.c.obj
                0x10000ef4                next_striped_spin_lock_num
 .text.spin_locks_reset
                0x10000f0c       0x1c CMakeFiles/tarefa.dir/C_/Users/KauanFarias/.pico-sdk/sdk/2.1.0/src/rp2_common/hardware_sync_spin_lock/sync_spin_lock.c.obj
                0x10000f0c                spin_locks_reset
 .text.runtime_init_per_core_irq_priorities
                0x10000f28       0x24 CMakeFiles/tarefa.dir/C_/Users/KauanFarias/.pico-sdk/sdk/2.1.0/src/rp2_common/hardware_irq/irq.c.obj
                0x10000f28                runtime_init_per_core_irq_priorities
 .text.irq_set_enabled
                0x10000f4c       0x24 CMakeFiles/tarefa.dir/C_/Users/KauanFarias/.pico-sdk/sdk/2.1.0/src/rp2_common/hardware_irq/irq.c.obj
                0x10000f4c                irq_set_enabled
 .text.irq_set_exclusive_handler
                0x10000f70       0x54 CMakeFiles/tarefa.dir/C_/Users/KauanFarias/.pico-sdk/sdk/2.1.0/src/rp2_common/hardware_irq/irq.c.obj
                0x10000f70                irq_set_exclusive_handler
 .text.irq_add_shared_handler
                0x10000fc4      0x1f4 CMakeFiles/tarefa.dir/C_/Users/KauanFarias/.pico-sdk/sdk/2.1.0/src/rp2_common/hardware_irq/irq.c.obj
                0x10000fc4                irq_add_shared_handler
 .text.irq_remove_handler
                0x100011b8      0x1d4 CMakeFiles/tarefa.dir/C_/Users/KauanFarias/.pico-sdk/sdk/2.1.0/src/rp2_common/hardware_irq/irq.c.obj
                0x100011b8                irq_remove_handler
 .text.irq_add_tail_to_free_list
                0x1000138c       0xb4 CMakeFiles/tarefa.dir/C_/Users/KauanFarias/.pico-sdk/sdk/2.1.0/src/rp2_common/hardware_irq/irq.c.obj
                0x1000138c                irq_add_tail_to_free_list
 .text.lock_init
                0x10001440       0x10 CMakeFiles/tarefa.dir/C_/Users/KauanFarias/.pico-sdk/sdk/2.1.0/src/common/pico_sync/lock_core.c.obj
                0x10001440                lock_init
 .text.runtime_init_mutex
                0x10001450       0x50 CMakeFiles/tarefa.dir/C_/Users/KauanFarias/.pico-sdk/sdk/2.1.0/src/common/pico_sync/mutex.c.obj
                0x10001450                runtime_init_mutex
 .text.sleep_until_callback
                0x100014a0       0x30 CMakeFiles/tarefa.dir/C_/Users/KauanFarias/.pico-sdk/sdk/2.1.0/src/common/pico_time/time.c.obj
 .text.alarm_pool_irq_handler
                0x100014d0      0x2fc CMakeFiles/tarefa.dir/C_/Users/KauanFarias/.pico-sdk/sdk/2.1.0/src/common/pico_time/time.c.obj
 .text.runtime_init_default_alarm_pool
                0x100017cc       0xdc CMakeFiles/tarefa.dir/C_/Users/KauanFarias/.pico-sdk/sdk/2.1.0/src/common/pico_time/time.c.obj
                0x100017cc                runtime_init_default_alarm_pool
 .text.alarm_pool_add_alarm_at_force_in_context
                0x100018a8       0xb0 CMakeFiles/tarefa.dir/C_/Users/KauanFarias/.pico-sdk/sdk/2.1.0/src/common/pico_time/time.c.obj
                0x100018a8                alarm_pool_add_alarm_at_force_in_context
 .text.alarm_pool_cancel_alarm
                0x10001958       0x74 CMakeFiles/tarefa.dir/C_/Users/KauanFarias/.pico-sdk/sdk/2.1.0/src/common/pico_time/time.c.obj
                0x10001958                alarm_pool_cancel_alarm
 .text.sleep_until
                0x100019cc       0xd8 CMakeFiles/tarefa.dir/C_/Users/KauanFarias/.pico-sdk/sdk/2.1.0/src/common/pico_time/time.c.obj
                0x100019cc                sleep_until
 .text.sleep_ms
                0x10001aa4       0x38 CMakeFiles/tarefa.dir/C_/Users/KauanFarias/.pico-sdk/sdk/2.1.0/src/common/pico_time/time.c.obj
                0x10001aa4                sleep_ms
 .text.best_effort_wfe_or_timeout
                0x10001adc       0xe0 CMakeFiles/tarefa.dir/C_/Users/KauanFarias/.pico-sdk/sdk/2.1.0/src/common/pico_time/time.c.obj
                0x10001adc                best_effort_wfe_or_timeout
 .text.timer_hardware_alarm_claim
                0x10001bbc       0x14 CMakeFiles/tarefa.dir/C_/Users/KauanFarias/.pico-sdk/sdk/2.1.0/src/rp2_common/hardware_timer/timer.c.obj
                0x10001bbc                timer_hardware_alarm_claim
 .text.timer_time_us_64
                0x10001bd0       0x10 CMakeFiles/tarefa.dir/C_/Users/KauanFarias/.pico-sdk/sdk/2.1.0/src/rp2_common/hardware_timer/timer.c.obj
                0x10001bd0                timer_time_us_64
 .text.time_us_64
                0x10001be0       0x14 CMakeFiles/tarefa.dir/C_/Users/KauanFarias/.pico-sdk/sdk/2.1.0/src/rp2_common/hardware_timer/timer.c.obj
                0x10001be0                time_us_64
 .text.busy_wait_us
                0x10001bf4       0x68 CMakeFiles/tarefa.dir/C_/Users/KauanFarias/.pico-sdk/sdk/2.1.0/src/rp2_common/hardware_timer/timer.c.obj
                0x10001bf4                busy_wait_us
 .text.busy_wait_until
                0x10001c5c       0x20 CMakeFiles/tarefa.dir/C_/Users/KauanFarias/.pico-sdk/sdk/2.1.0/src/rp2_common/hardware_timer/timer.c.obj
                0x10001c5c                busy_wait_until
 .text.uart_init
                0x10001c7c      0x120 CMakeFiles/tarefa.dir/C_/Users/KauanFarias/.pico-sdk/sdk/2.1.0/src/rp2_common/hardware_uart/uart.c.obj
                0x10001c7c                uart_init
 .text.clock_configure_int_divider
                0x10001d9c       0xf4 CMakeFiles/tarefa.dir/C_/Users/KauanFarias/.pico-sdk/sdk/2.1.0/src/rp2_common/hardware_clocks/clocks.c.obj
                0x10001d9c                clock_configure_int_divider
 .text.clock_configure_undivided
                0x10001e90       0xe8 CMakeFiles/tarefa.dir/C_/Users/KauanFarias/.pico-sdk/sdk/2.1.0/src/rp2_common/hardware_clocks/clocks.c.obj
                0x10001e90                clock_configure_undivided
 .text.clock_get_hz
                0x10001f78        0xc CMakeFiles/tarefa.dir/C_/Users/KauanFarias/.pico-sdk/sdk/2.1.0/src/rp2_common/hardware_clocks/clocks.c.obj
                0x10001f78                clock_get_hz
 .text.pll_init
                0x10001f84       0xa4 CMakeFiles/tarefa.dir/C_/Users/KauanFarias/.pico-sdk/sdk/2.1.0/src/rp2_common/hardware_pll/pll.c.obj
                0x10001f84                pll_init
 .text.tick_start
                0x10002028       0x10 CMakeFiles/tarefa.dir/C_/Users/KauanFarias/.pico-sdk/sdk/2.1.0/src/rp2_common/hardware_ticks/ticks.c.obj
                0x10002028                tick_start
 .text.rom_func_lookup
                0x10002038       0x10 CMakeFiles/tarefa.dir/C_/Users/KauanFarias/.pico-sdk/sdk/2.1.0/src/rp2_common/pico_bootrom/bootrom.c.obj
                0x10002038                rom_func_lookup
 .text.rom_data_lookup
                0x10002048       0x10 CMakeFiles/tarefa.dir/C_/Users/KauanFarias/.pico-sdk/sdk/2.1.0/src/rp2_common/pico_bootrom/bootrom.c.obj
                0x10002048                rom_data_lookup
 .text.rom_funcs_lookup
                0x10002058       0x44 CMakeFiles/tarefa.dir/C_/Users/KauanFarias/.pico-sdk/sdk/2.1.0/src/rp2_common/pico_bootrom/bootrom.c.obj
                0x10002058                rom_funcs_lookup
 .text.xosc_init
                0x1000209c       0x28 CMakeFiles/tarefa.dir/C_/Users/KauanFarias/.pico-sdk/sdk/2.1.0/src/rp2_common/hardware_xosc/xosc.c.obj
                0x1000209c                xosc_init
 .text.first_per_core_initializer
                0x100020c4        0x4 CMakeFiles/tarefa.dir/C_/Users/KauanFarias/.pico-sdk/sdk/2.1.0/src/rp2_common/pico_runtime/runtime.c.obj
 .text.hard_assertion_failure
                0x100020c8        0xc CMakeFiles/tarefa.dir/C_/Users/KauanFarias/.pico-sdk/sdk/2.1.0/src/rp2_common/pico_runtime/runtime.c.obj
                0x100020c8                hard_assertion_failure
 .text.runtime_run_initializers
                0x100020d4       0x28 CMakeFiles/tarefa.dir/C_/Users/KauanFarias/.pico-sdk/sdk/2.1.0/src/rp2_common/pico_runtime/runtime.c.obj
                0x100020d4                runtime_run_initializers
 .text.runtime_init_early_resets
                0x100020fc       0x2c CMakeFiles/tarefa.dir/C_/Users/KauanFarias/.pico-sdk/sdk/2.1.0/src/rp2_common/pico_runtime_init/runtime_init.c.obj
                0x100020fc                runtime_init_early_resets
 .text.runtime_init_usb_power_down
                0x10002128       0x1c CMakeFiles/tarefa.dir/C_/Users/KauanFarias/.pico-sdk/sdk/2.1.0/src/rp2_common/pico_runtime_init/runtime_init.c.obj
                0x10002128                runtime_init_usb_power_down
 .text.runtime_init_post_clock_resets
                0x10002144       0x20 CMakeFiles/tarefa.dir/C_/Users/KauanFarias/.pico-sdk/sdk/2.1.0/src/rp2_common/pico_runtime_init/runtime_init.c.obj
                0x10002144                runtime_init_post_clock_resets
 .text.runtime_init_rp2040_gpio_ie_disable
                0x10002164       0x14 CMakeFiles/tarefa.dir/C_/Users/KauanFarias/.pico-sdk/sdk/2.1.0/src/rp2_common/pico_runtime_init/runtime_init.c.obj
                0x10002164                runtime_init_rp2040_gpio_ie_disable
 .text.runtime_init_spin_locks_reset
                0x10002178        0x8 CMakeFiles/tarefa.dir/C_/Users/KauanFarias/.pico-sdk/sdk/2.1.0/src/rp2_common/pico_runtime_init/runtime_init.c.obj
                0x10002178                runtime_init_spin_locks_reset
 .text.runtime_init_install_ram_vector_table
                0x10002180       0x1c CMakeFiles/tarefa.dir/C_/Users/KauanFarias/.pico-sdk/sdk/2.1.0/src/rp2_common/pico_runtime_init/runtime_init.c.obj
                0x10002180                runtime_init_install_ram_vector_table
 .text.runtime_init_clocks
                0x1000219c       0xd8 CMakeFiles/tarefa.dir/C_/Users/KauanFarias/.pico-sdk/sdk/2.1.0/src/rp2_common/pico_runtime_init/runtime_init_clocks.c.obj
                0x1000219c                runtime_init_clocks
 .text          0x10002274       0x10 CMakeFiles/tarefa.dir/C_/Users/KauanFarias/.pico-sdk/sdk/2.1.0/src/rp2_common/pico_bit_ops/bit_ops_aeabi.S.obj
 .text.__wrap___aeabi_uidiv
                0x10002284       0x4c CMakeFiles/tarefa.dir/C_/Users/KauanFarias/.pico-sdk/sdk/2.1.0/src/rp2_common/pico_divider/divider_hardware.S.obj
                0x10002284                __wrap___aeabi_uidiv
                0x10002284                __wrap___aeabi_uidivmod
                0x10002284                div_u32u32
                0x10002284                divmod_u32u32
                0x1000228c                divmod_u32u32_unsafe
                0x100022b4                divmod_u32u32_savestate
 .text.missing_double_func_shim
                0x100022d0        0xc CMakeFiles/tarefa.dir/C_/Users/KauanFarias/.pico-sdk/sdk/2.1.0/src/rp2_common/pico_double/double_init_rom_rp2040.c.obj
 .text.__aeabi_double_init
                0x100022dc       0xa0 CMakeFiles/tarefa.dir/C_/Users/KauanFarias/.pico-sdk/sdk/2.1.0/src/rp2_common/pico_double/double_init_rom_rp2040.c.obj
                0x100022dc                __aeabi_double_init
 .text.double_table_shim_on_use_helper
                0x1000237c       0x2c CMakeFiles/tarefa.dir/C_/Users/KauanFarias/.pico-sdk/sdk/2.1.0/src/rp2_common/pico_double/double_v1_rom_shim_rp2040.S.obj
                0x1000237c                double_table_shim_on_use_helper
 .text.__aeabi_lmul
                0x100023a8       0x32 CMakeFiles/tarefa.dir/C_/Users/KauanFarias/.pico-sdk/sdk/2.1.0/src/rp2_common/pico_int64_ops/pico_int64_ops_aeabi.S.obj
                0x100023a8                __wrap___aeabi_lmul
 *fill*         0x100023da        0x2 
 .text.__wrap___aeabi_farithmetic
                0x100023dc       0x48 CMakeFiles/tarefa.dir/C_/Users/KauanFarias/.pico-sdk/sdk/2.1.0/src/rp2_common/pico_float/float_aeabi_rp2040.S.obj
                0x100023dc                __wrap___aeabi_frsub
                0x100023e2                __wrap___aeabi_fsub
                0x100023e8                __wrap___aeabi_fadd
                0x100023ee                __wrap___aeabi_fdiv
                0x10002416                __wrap___aeabi_fmul
 .text.__wrap___aeabi_ui2f
                0x10002424        0xa CMakeFiles/tarefa.dir/C_/Users/KauanFarias/.pico-sdk/sdk/2.1.0/src/rp2_common/pico_float/float_aeabi_rp2040.S.obj
                0x10002424                __wrap___aeabi_ui2f
                0x10002424                uint2float
 *fill*         0x1000242e        0x2 
 .text.__wrap___aeabi_i2f
                0x10002430       0x44 CMakeFiles/tarefa.dir/C_/Users/KauanFarias/.pico-sdk/sdk/2.1.0/src/rp2_common/pico_float/float_aeabi_rp2040.S.obj
                0x10002430                __wrap___aeabi_i2f
                0x10002430                int2float
 .text.__wrap___aeabi_f2uiz
                0x10002474        0xc CMakeFiles/tarefa.dir/C_/Users/KauanFarias/.pico-sdk/sdk/2.1.0/src/rp2_common/pico_float/float_aeabi_rp2040.S.obj
                0x10002474                __wrap___aeabi_f2uiz
                0x10002474                float2uint_z
 .text.missing_float_func_shim
                0x10002480        0xc CMakeFiles/tarefa.dir/C_/Users/KauanFarias/.pico-sdk/sdk/2.1.0/src/rp2_common/pico_float/float_init_rom_rp2040.c.obj
 .text.__aeabi_float_init
                0x1000248c       0x5c CMakeFiles/tarefa.dir/C_/Users/KauanFarias/.pico-sdk/sdk/2.1.0/src/rp2_common/pico_float/float_init_rom_rp2040.c.obj
                0x1000248c                __aeabi_float_init
 .text          0x100024e8       0x10 CMakeFiles/tarefa.dir/C_/Users/KauanFarias/.pico-sdk/sdk/2.1.0/src/rp2_common/pico_mem_ops/mem_ops_aeabi.S.obj
                0x100024e8                __aeabi_mem_init
 .text.memset   0x100024f8        0xc CMakeFiles/tarefa.dir/C_/Users/KauanFarias/.pico-sdk/sdk/2.1.0/src/rp2_common/pico_mem_ops/mem_ops_aeabi.S.obj
                0x100024f8                __wrap_memset
 .text.memcpy   0x10002504        0xc CMakeFiles/tarefa.dir/C_/Users/KauanFarias/.pico-sdk/sdk/2.1.0/src/rp2_common/pico_mem_ops/mem_ops_aeabi.S.obj
                0x10002504                __wrap_memcpy
                0x10002504                __wrap___aeabi_memcpy
 .text._out_char
                0x10002510       0x10 CMakeFiles/tarefa.dir/C_/Users/KauanFarias/.pico-sdk/sdk/2.1.0/src/rp2_common/pico_printf/printf.c.obj
 .text.weak_raw_vprintf
                0x10002520       0x30 CMakeFiles/tarefa.dir/C_/Users/KauanFarias/.pico-sdk/sdk/2.1.0/src/rp2_common/pico_printf/printf.c.obj
                0x10002520                weak_raw_vprintf
 .text._exit    0x10002550        0x4 CMakeFiles/tarefa.dir/C_/Users/KauanFarias/.pico-sdk/sdk/2.1.0/src/rp2_common/pico_clib_interface/newlib_interface.c.obj
                0x10002550                _exit
 .text.exit     0x10002554        0x8 CMakeFiles/tarefa.dir/C_/Users/KauanFarias/.pico-sdk/sdk/2.1.0/src/rp2_common/pico_clib_interface/newlib_interface.c.obj
                0x10002554                exit
 .text.runtime_init
                0x1000255c       0x2c CMakeFiles/tarefa.dir/C_/Users/KauanFarias/.pico-sdk/sdk/2.1.0/src/rp2_common/pico_clib_interface/newlib_interface.c.obj
                0x1000255c                runtime_init
 .text.stdio_out_chars_no_crlf
                0x10002588       0x10 CMakeFiles/tarefa.dir/C_/Users/KauanFarias/.pico-sdk/sdk/2.1.0/src/rp2_common/pico_stdio/stdio.c.obj
 .text.stdio_out_chars_crlf
                0x10002598       0x94 CMakeFiles/tarefa.dir/C_/Users/KauanFarias/.pico-sdk/sdk/2.1.0/src/rp2_common/pico_stdio/stdio.c.obj
 .text.stdio_put_string
                0x1000262c      0x100 CMakeFiles/tarefa.dir/C_/Users/KauanFarias/.pico-sdk/sdk/2.1.0/src/rp2_common/pico_stdio/stdio.c.obj
                0x1000262c                stdio_put_string
 .text.stdio_set_driver_enabled
                0x1000272c       0x30 CMakeFiles/tarefa.dir/C_/Users/KauanFarias/.pico-sdk/sdk/2.1.0/src/rp2_common/pico_stdio/stdio.c.obj
                0x1000272c                stdio_set_driver_enabled
 .text.stdio_init_all
                0x1000275c        0xc CMakeFiles/tarefa.dir/C_/Users/KauanFarias/.pico-sdk/sdk/2.1.0/src/rp2_common/pico_stdio/stdio.c.obj
                0x1000275c                stdio_init_all
 .text.__wrap_putchar
                0x10002768       0x98 CMakeFiles/tarefa.dir/C_/Users/KauanFarias/.pico-sdk/sdk/2.1.0/src/rp2_common/pico_stdio/stdio.c.obj
                0x10002768                __wrap_putchar
                0x10002768                stdio_putchar
 .text.__wrap_puts
                0x10002800       0x3c CMakeFiles/tarefa.dir/C_/Users/KauanFarias/.pico-sdk/sdk/2.1.0/src/rp2_common/pico_stdio/stdio.c.obj
                0x10002800                stdio_puts
                0x10002800                __wrap_puts
 .text.stdio_uart_out_chars
                0x1000283c       0x4c CMakeFiles/tarefa.dir/C_/Users/KauanFarias/.pico-sdk/sdk/2.1.0/src/rp2_common/pico_stdio_uart/stdio_uart.c.obj
 .text.stdio_uart_in_chars
                0x10002888       0x90 CMakeFiles/tarefa.dir/C_/Users/KauanFarias/.pico-sdk/sdk/2.1.0/src/rp2_common/pico_stdio_uart/stdio_uart.c.obj
                0x10002888                stdio_uart_in_chars
 .text.on_uart_rx
                0x10002918       0x28 CMakeFiles/tarefa.dir/C_/Users/KauanFarias/.pico-sdk/sdk/2.1.0/src/rp2_common/pico_stdio_uart/stdio_uart.c.obj
 .text.stdio_uart_out_flush
                0x10002940       0x14 CMakeFiles/tarefa.dir/C_/Users/KauanFarias/.pico-sdk/sdk/2.1.0/src/rp2_common/pico_stdio_uart/stdio_uart.c.obj
 .text.stdio_uart_set_chars_available_callback
                0x10002954       0x84 CMakeFiles/tarefa.dir/C_/Users/KauanFarias/.pico-sdk/sdk/2.1.0/src/rp2_common/pico_stdio_uart/stdio_uart.c.obj
 .text.stdio_uart_init
                0x100029d8       0x50 CMakeFiles/tarefa.dir/C_/Users/KauanFarias/.pico-sdk/sdk/2.1.0/src/rp2_common/pico_stdio_uart/stdio_uart.c.obj
                0x100029d8                stdio_uart_init
 .text.i2c_write_blocking_internal.constprop.0
                0x10002a28       0xd0 CMakeFiles/tarefa.dir/C_/Users/KauanFarias/.pico-sdk/sdk/2.1.0/src/rp2_common/hardware_i2c/i2c.c.obj
 .text.i2c_set_baudrate
                0x10002af8       0xc0 CMakeFiles/tarefa.dir/C_/Users/KauanFarias/.pico-sdk/sdk/2.1.0/src/rp2_common/hardware_i2c/i2c.c.obj
                0x10002af8                i2c_set_baudrate
 .text.i2c_init
                0x10002bb8       0x50 CMakeFiles/tarefa.dir/C_/Users/KauanFarias/.pico-sdk/sdk/2.1.0/src/rp2_common/hardware_i2c/i2c.c.obj
                0x10002bb8                i2c_init
 .text.i2c_write_blocking
                0x10002c08       0x14 CMakeFiles/tarefa.dir/C_/Users/KauanFarias/.pico-sdk/sdk/2.1.0/src/rp2_common/hardware_i2c/i2c.c.obj
                0x10002c08                i2c_write_blocking
 .text.pio_add_program
                0x10002c1c      0x104 CMakeFiles/tarefa.dir/C_/Users/KauanFarias/.pico-sdk/sdk/2.1.0/src/rp2_common/hardware_pio/pio.c.obj
                0x10002c1c                pio_add_program
 .text.pio_sm_init
                0x10002d20       0x9c CMakeFiles/tarefa.dir/C_/Users/KauanFarias/.pico-sdk/sdk/2.1.0/src/rp2_common/hardware_pio/pio.c.obj
                0x10002d20                pio_sm_init
 .text.strlen   0x10002dbc       0x5c C:/Users/KauanFarias/.pico-sdk/toolchain/13_3_Rel1/bin/../lib/gcc/arm-none-eabi/13.3.1/thumb/v6-m/nofp\libg.a(libc_a-strlen-stub.o)
                0x10002dbc                strlen
 *(.fini)
 .fini          0x10002e18        0x4 C:/Users/KauanFarias/.pico-sdk/toolchain/13_3_Rel1/bin/../lib/gcc/arm-none-eabi/13.3.1/thumb/v6-m/nofp/crti.o
                0x10002e18                _fini
 *fill*         0x10002e1c        0x4 
 .fini.__stub   0x10002e20       0x30 linker stubs
 *crtbegin.o(.ctors)
 *crtbegin?.o(.ctors)
 *(EXCLUDE_FILE(*crtend.o *crtend?.o) .ctors)
 *(SORT_BY_NAME(.ctors.*))
 *(.ctors)
 *crtbegin.o(.dtors)
 *crtbegin?.o(.dtors)
 *(EXCLUDE_FILE(*crtend.o *crtend?.o) .dtors)
 *(SORT_BY_NAME(.dtors.*))
 *(.dtors)
                0x10002e50                        . = ALIGN (0x4)
                0x10002e50                        PROVIDE (__preinit_array_start = .)
 *(SORT_BY_NAME(.preinit_array.*))
 .preinit_array.00100
                0x10002e50        0x4 CMakeFiles/tarefa.dir/C_/Users/KauanFarias/.pico-sdk/sdk/2.1.0/src/rp2_common/pico_runtime_init/runtime_init.c.obj
                0x10002e50                __pre_init_runtime_init_early_resets
 .preinit_array.00101
                0x10002e54        0x4 CMakeFiles/tarefa.dir/C_/Users/KauanFarias/.pico-sdk/sdk/2.1.0/src/rp2_common/pico_runtime_init/runtime_init.c.obj
                0x10002e54                __pre_init_runtime_init_usb_power_down
 .preinit_array.00275
                0x10002e58        0x4 CMakeFiles/tarefa.dir/C_/Users/KauanFarias/.pico-sdk/sdk/2.1.0/src/rp2_common/pico_bit_ops/bit_ops_aeabi.S.obj
 .preinit_array.00300
                0x10002e5c        0x4 CMakeFiles/tarefa.dir/C_/Users/KauanFarias/.pico-sdk/sdk/2.1.0/src/rp2_common/pico_mem_ops/mem_ops_aeabi.S.obj
 .preinit_array.00350
                0x10002e60        0x4 CMakeFiles/tarefa.dir/C_/Users/KauanFarias/.pico-sdk/sdk/2.1.0/src/rp2_common/pico_double/double_aeabi_rp2040.S.obj
 .preinit_array.00350
                0x10002e64        0x4 CMakeFiles/tarefa.dir/C_/Users/KauanFarias/.pico-sdk/sdk/2.1.0/src/rp2_common/pico_float/float_aeabi_rp2040.S.obj
 .preinit_array.00500
                0x10002e68        0x4 CMakeFiles/tarefa.dir/C_/Users/KauanFarias/.pico-sdk/sdk/2.1.0/src/rp2_common/pico_runtime_init/runtime_init.c.obj
                0x10002e68                __pre_init_runtime_init_clocks
 .preinit_array.00600
                0x10002e6c        0x4 CMakeFiles/tarefa.dir/C_/Users/KauanFarias/.pico-sdk/sdk/2.1.0/src/rp2_common/pico_runtime_init/runtime_init.c.obj
                0x10002e6c                __pre_init_runtime_init_post_clock_resets
 .preinit_array.00700
                0x10002e70        0x4 CMakeFiles/tarefa.dir/C_/Users/KauanFarias/.pico-sdk/sdk/2.1.0/src/rp2_common/pico_runtime_init/runtime_init.c.obj
                0x10002e70                __pre_init_runtime_init_rp2040_gpio_ie_disable
 .preinit_array.01000
                0x10002e74        0x4 CMakeFiles/tarefa.dir/C_/Users/KauanFarias/.pico-sdk/sdk/2.1.0/src/rp2_common/pico_runtime_init/runtime_init.c.obj
                0x10002e74                __pre_init_runtime_init_spin_locks_reset
 .preinit_array.01100
                0x10002e78        0x4 CMakeFiles/tarefa.dir/C_/Users/KauanFarias/.pico-sdk/sdk/2.1.0/src/common/pico_sync/mutex.c.obj
                0x10002e78                __pre_init_runtime_init_mutex
 .preinit_array.10080
                0x10002e7c        0x4 CMakeFiles/tarefa.dir/C_/Users/KauanFarias/.pico-sdk/sdk/2.1.0/src/rp2_common/pico_runtime_init/runtime_init.c.obj
                0x10002e7c                __pre_init_runtime_init_install_ram_vector_table
 .preinit_array.11000
                0x10002e80        0x4 CMakeFiles/tarefa.dir/C_/Users/KauanFarias/.pico-sdk/sdk/2.1.0/src/common/pico_time/time.c.obj
                0x10002e80                __pre_init_runtime_init_default_alarm_pool
 .preinit_array.YYYYY
                0x10002e84        0x4 CMakeFiles/tarefa.dir/C_/Users/KauanFarias/.pico-sdk/sdk/2.1.0/src/rp2_common/pico_runtime/runtime.c.obj
                0x10002e84                __pre_init_first_per_core_initializer
 .preinit_array.ZZZZZ.01200
                0x10002e88        0x4 CMakeFiles/tarefa.dir/C_/Users/KauanFarias/.pico-sdk/sdk/2.1.0/src/rp2_common/hardware_irq/irq.c.obj
                0x10002e88                __pre_init_runtime_init_per_core_irq_priorities
 *(.preinit_array)
                0x10002e8c                        PROVIDE (__preinit_array_end = .)
                0x10002e8c                        . = ALIGN (0x4)
                0x10002e8c                        PROVIDE (__init_array_start = .)
 *(SORT_BY_NAME(.init_array.*))
 *(.init_array)
 .init_array    0x10002e8c        0x4 C:/Users/KauanFarias/.pico-sdk/toolchain/13_3_Rel1/bin/../lib/gcc/arm-none-eabi/13.3.1/thumb/v6-m/nofp/crtbegin.o
                0x10002e90                        PROVIDE (__init_array_end = .)
                0x10002e90                        . = ALIGN (0x4)
                [!provide]                        PROVIDE (__fini_array_start = .)
 *(SORT_BY_NAME(.fini_array.*))
 *(.fini_array)
                [!provide]                        PROVIDE (__fini_array_end = .)
 *(.eh_frame*)
 .eh_frame      0x10002e90        0x0 C:/Users/KauanFarias/.pico-sdk/toolchain/13_3_Rel1/bin/../lib/gcc/arm-none-eabi/13.3.1/thumb/v6-m/nofp/crtbegin.o
                0x10002e90                        . = ALIGN (0x4)

.glue_7         0x10002e90        0x0
 .glue_7        0x10002e90        0x0 linker stubs

.glue_7t        0x10002e90        0x0
 .glue_7t       0x10002e90        0x0 linker stubs

.vfp11_veneer   0x10002e90        0x0
 .vfp11_veneer  0x10002e90        0x0 linker stubs

.v4_bx          0x10002e90        0x0
 .v4_bx         0x10002e90        0x0 linker stubs

.iplt           0x10002e90        0x0
 .iplt          0x10002e90        0x0 C:/Users/KauanFarias/.pico-sdk/toolchain/13_3_Rel1/bin/../lib/gcc/arm-none-eabi/13.3.1/thumb/v6-m/nofp/crtbegin.o

.rodata         0x10002e90      0x218
 *(EXCLUDE_FILE(*libm.a: *libc.a:*lib_a-mem*.o *libgcc.a:) .rodata*)
 .rodata.loop.str1.4
                0x10002e90      0x16c CMakeFiles/tarefa.dir/tarefa.c.obj
                                 0xa9 (size before relaxing)
 .rodata.ws2812_program
                0x10002ffc        0x8 CMakeFiles/tarefa.dir/ws2812.c.obj
 .rodata.ws2812_program_instructions
                0x10003004        0x8 CMakeFiles/tarefa.dir/ws2812.c.obj
 .rodata        0x1000300c       0x28 CMakeFiles/tarefa.dir/ws2812.c.obj
 .rodata.panic.str1.4
                0x10003034       0x12 CMakeFiles/tarefa.dir/C_/Users/KauanFarias/.pico-sdk/sdk/2.1.0/src/rp2_common/pico_platform_panic/panic.c.obj
 .rodata.timer_hardware_alarm_claim.str1.4
                0x10003034       0x22 CMakeFiles/tarefa.dir/C_/Users/KauanFarias/.pico-sdk/sdk/2.1.0/src/rp2_common/hardware_timer/timer.c.obj
 .rodata.hard_assertion_failure.str1.4
                0x10003034        0xc CMakeFiles/tarefa.dir/C_/Users/KauanFarias/.pico-sdk/sdk/2.1.0/src/rp2_common/pico_runtime/runtime.c.obj
 .rodata.missing_double_func_shim.str1.4
                0x10003034       0x18 CMakeFiles/tarefa.dir/C_/Users/KauanFarias/.pico-sdk/sdk/2.1.0/src/rp2_common/pico_double/double_init_rom_rp2040.c.obj
 .rodata.missing_float_func_shim.str1.4
                0x10003034        0x1 CMakeFiles/tarefa.dir/C_/Users/KauanFarias/.pico-sdk/sdk/2.1.0/src/rp2_common/pico_float/float_init_rom_rp2040.c.obj
 .rodata.str1.4
                0x10003034       0x3c CMakeFiles/tarefa.dir/C_/Users/KauanFarias/.pico-sdk/sdk/2.1.0/src/rp2_common/pico_standard_binary_info/standard_binary_info.c.obj
 .rodata.__bi_84
                0x10003034        0xc CMakeFiles/tarefa.dir/C_/Users/KauanFarias/.pico-sdk/sdk/2.1.0/src/rp2_common/pico_standard_binary_info/standard_binary_info.c.obj
 .rodata.__bi_78
                0x10003040        0xc CMakeFiles/tarefa.dir/C_/Users/KauanFarias/.pico-sdk/sdk/2.1.0/src/rp2_common/pico_standard_binary_info/standard_binary_info.c.obj
 .rodata.__bi_54
                0x1000304c        0xc CMakeFiles/tarefa.dir/C_/Users/KauanFarias/.pico-sdk/sdk/2.1.0/src/rp2_common/pico_standard_binary_info/standard_binary_info.c.obj
 .rodata.__bi_48
                0x10003058        0xc CMakeFiles/tarefa.dir/C_/Users/KauanFarias/.pico-sdk/sdk/2.1.0/src/rp2_common/pico_standard_binary_info/standard_binary_info.c.obj
 .rodata.__bi_42
                0x10003064        0xc CMakeFiles/tarefa.dir/C_/Users/KauanFarias/.pico-sdk/sdk/2.1.0/src/rp2_common/pico_standard_binary_info/standard_binary_info.c.obj
 .rodata.__bi_34
                0x10003070        0xc CMakeFiles/tarefa.dir/C_/Users/KauanFarias/.pico-sdk/sdk/2.1.0/src/rp2_common/pico_standard_binary_info/standard_binary_info.c.obj
 .rodata.__bi_26
                0x1000307c        0xc CMakeFiles/tarefa.dir/C_/Users/KauanFarias/.pico-sdk/sdk/2.1.0/src/rp2_common/pico_standard_binary_info/standard_binary_info.c.obj
 .rodata.crlf_str.0
                0x10003088        0x2 CMakeFiles/tarefa.dir/C_/Users/KauanFarias/.pico-sdk/sdk/2.1.0/src/rp2_common/pico_stdio/stdio.c.obj
 .rodata.str1.4
                0x1000308a       0x2c CMakeFiles/tarefa.dir/C_/Users/KauanFarias/.pico-sdk/sdk/2.1.0/src/rp2_common/pico_stdio_uart/stdio_uart.c.obj
 *fill*         0x1000308a        0x2 
 .rodata.__bi_45.4
                0x1000308c        0xc CMakeFiles/tarefa.dir/C_/Users/KauanFarias/.pico-sdk/sdk/2.1.0/src/rp2_common/pico_stdio_uart/stdio_uart.c.obj
 .rodata.__bi_49.5
                0x10003098        0x8 CMakeFiles/tarefa.dir/C_/Users/KauanFarias/.pico-sdk/sdk/2.1.0/src/rp2_common/pico_stdio_uart/stdio_uart.c.obj
 .rodata.__bi_50.6
                0x100030a0        0x8 CMakeFiles/tarefa.dir/C_/Users/KauanFarias/.pico-sdk/sdk/2.1.0/src/rp2_common/pico_stdio_uart/stdio_uart.c.obj
                0x100030a8                        . = ALIGN (0x4)
 *(SORT_BY_ALIGNMENT(SORT_BY_NAME(.flashdata*)))
                0x100030a8                        . = ALIGN (0x4)

.ARM.extab
 *(.ARM.extab* .gnu.linkonce.armextab.*)
                0x100030a8                        __exidx_start = .

.ARM.exidx
 *(.ARM.exidx* .gnu.linkonce.armexidx.*)
                0x100030a8                        __exidx_end = .
                0x100030a8                        . = ALIGN (0x4)
                0x100030a8                        __binary_info_start = .

.binary_info    0x100030a8       0x28
 *(.binary_info.keep.*)
 .binary_info.keep.__bi_ptr84
                0x100030a8        0x4 CMakeFiles/tarefa.dir/C_/Users/KauanFarias/.pico-sdk/sdk/2.1.0/src/rp2_common/pico_standard_binary_info/standard_binary_info.c.obj
 .binary_info.keep.__bi_ptr78
                0x100030ac        0x4 CMakeFiles/tarefa.dir/C_/Users/KauanFarias/.pico-sdk/sdk/2.1.0/src/rp2_common/pico_standard_binary_info/standard_binary_info.c.obj
 .binary_info.keep.__bi_ptr54
                0x100030b0        0x4 CMakeFiles/tarefa.dir/C_/Users/KauanFarias/.pico-sdk/sdk/2.1.0/src/rp2_common/pico_standard_binary_info/standard_binary_info.c.obj
 .binary_info.keep.__bi_ptr48
                0x100030b4        0x4 CMakeFiles/tarefa.dir/C_/Users/KauanFarias/.pico-sdk/sdk/2.1.0/src/rp2_common/pico_standard_binary_info/standard_binary_info.c.obj
 .binary_info.keep.__bi_ptr42
                0x100030b8        0x4 CMakeFiles/tarefa.dir/C_/Users/KauanFarias/.pico-sdk/sdk/2.1.0/src/rp2_common/pico_standard_binary_info/standard_binary_info.c.obj
 .binary_info.keep.__bi_ptr34
                0x100030bc        0x4 CMakeFiles/tarefa.dir/C_/Users/KauanFarias/.pico-sdk/sdk/2.1.0/src/rp2_common/pico_standard_binary_info/standard_binary_info.c.obj
 .binary_info.keep.__bi_ptr26
                0x100030c0        0x4 CMakeFiles/tarefa.dir/C_/Users/KauanFarias/.pico-sdk/sdk/2.1.0/src/rp2_common/pico_standard_binary_info/standard_binary_info.c.obj
 *(.binary_info.*)
 .binary_info.__bi_ptr50
                0x100030c4        0x4 CMakeFiles/tarefa.dir/C_/Users/KauanFarias/.pico-sdk/sdk/2.1.0/src/rp2_common/pico_stdio_uart/stdio_uart.c.obj
 .binary_info.__bi_ptr49
                0x100030c8        0x4 CMakeFiles/tarefa.dir/C_/Users/KauanFarias/.pico-sdk/sdk/2.1.0/src/rp2_common/pico_stdio_uart/stdio_uart.c.obj
 .binary_info.__bi_ptr45
                0x100030cc        0x4 CMakeFiles/tarefa.dir/C_/Users/KauanFarias/.pico-sdk/sdk/2.1.0/src/rp2_common/pico_stdio_uart/stdio_uart.c.obj
                0x100030d0                        __binary_info_end = .

.rel.dyn        0x100030d0        0x0
 .rel.iplt      0x100030d0        0x0 C:/Users/KauanFarias/.pico-sdk/toolchain/13_3_Rel1/bin/../lib/gcc/arm-none-eabi/13.3.1/thumb/v6-m/nofp/crtbegin.o
                0x100030d0                        . = ALIGN (0x4)

.ram_vector_table
                0x20000000       0xc0
 *(.ram_vector_table)
 .ram_vector_table
                0x20000000       0xc0 CMakeFiles/tarefa.dir/C_/Users/KauanFarias/.pico-sdk/sdk/2.1.0/src/rp2_common/pico_runtime_init/runtime_init.c.obj
                0x20000000                ram_vector_table

.uninitialized_data
                0x200000c0        0x0
                0x200000c0                        . = ALIGN (0x4)
 *(.uninitialized_data*)

.data           0x200000c0      0x188 load address 0x100030d0
                0x200000c0                        __data_start__ = .
 *(vtable)
 *(.time_critical*)
 .time_critical.mutex_try_enter_block_until
                0x200000c0       0x9c CMakeFiles/tarefa.dir/C_/Users/KauanFarias/.pico-sdk/sdk/2.1.0/src/common/pico_sync/mutex.c.obj
                0x200000c0                mutex_try_enter_block_until
 .time_critical.mutex_exit
                0x2000015c       0x28 CMakeFiles/tarefa.dir/C_/Users/KauanFarias/.pico-sdk/sdk/2.1.0/src/common/pico_sync/mutex.c.obj
                0x2000015c                mutex_exit
 *(.text*)
 .text          0x20000184        0x4 C:/Users/KauanFarias/.pico-sdk/toolchain/13_3_Rel1/bin/../lib/gcc/arm-none-eabi/13.3.1/thumb/v6-m/nofp\libgcc.a(_dvmd_tls.o)
                0x20000184                __aeabi_idiv0
                0x20000184                __aeabi_ldiv0
 .text.__stub   0x20000188       0x10 linker stubs
                0x20000198                        . = ALIGN (0x4)
 *(.rodata*)
                0x20000198                        . = ALIGN (0x4)
 *(.data*)
 .data.striped_spin_lock_num
                0x20000198        0x1 CMakeFiles/tarefa.dir/C_/Users/KauanFarias/.pico-sdk/sdk/2.1.0/src/rp2_common/hardware_sync/sync.c.obj
 *fill*         0x20000199        0x3 
 .data          0x2000019c       0x48 CMakeFiles/tarefa.dir/C_/Users/KauanFarias/.pico-sdk/sdk/2.1.0/src/rp2_common/hardware_irq/irq_handler_chain.S.obj
                0x2000019c                irq_handler_chain_slots
                0x200001cc                irq_handler_chain_first_slot
                0x200001d6                irq_handler_chain_remove_tail
 .data.default_alarm_pool
                0x200001e4       0x18 CMakeFiles/tarefa.dir/C_/Users/KauanFarias/.pico-sdk/sdk/2.1.0/src/common/pico_time/time.c.obj
 *fill*         0x200001fc        0x4 
 .data.aeabi_bits_funcs
                0x20000200       0x10 CMakeFiles/tarefa.dir/C_/Users/KauanFarias/.pico-sdk/sdk/2.1.0/src/rp2_common/pico_bit_ops/bit_ops_aeabi.S.obj
                0x20000200                aeabi_bits_funcs
                0x20000210                aeabi_bits_funcs_end
 .data.aeabi_mem_funcs
                0x20000210       0x10 CMakeFiles/tarefa.dir/C_/Users/KauanFarias/.pico-sdk/sdk/2.1.0/src/rp2_common/pico_mem_ops/mem_ops_aeabi.S.obj
                0x20000210                aeabi_mem_funcs
                0x20000220                aeabi_mem_funcs_end
 .data.stdio_uart
                0x20000220       0x18 CMakeFiles/tarefa.dir/C_/Users/KauanFarias/.pico-sdk/sdk/2.1.0/src/rp2_common/pico_stdio_uart/stdio_uart.c.obj
                0x20000220                stdio_uart
 .data.i2c0_inst
                0x20000238        0x8 CMakeFiles/tarefa.dir/C_/Users/KauanFarias/.pico-sdk/sdk/2.1.0/src/rp2_common/hardware_i2c/i2c.c.obj
                0x20000238                i2c0_inst
                0x20000240                        . = ALIGN (0x4)
 *(.after_data.*)
                0x20000240                        . = ALIGN (0x4)
                0x20000240                        PROVIDE (__mutex_array_start = .)
 *(SORT_BY_NAME(.mutex_array.*))
 *(.mutex_array)
 .mutex_array   0x20000240        0x8 CMakeFiles/tarefa.dir/C_/Users/KauanFarias/.pico-sdk/sdk/2.1.0/src/rp2_common/pico_stdio/stdio.c.obj
                0x20000248                        PROVIDE (__mutex_array_end = .)
                0x20000248                        . = ALIGN (0x4)
 *(.jcr)
                0x20000248                        . = ALIGN (0x4)

.tm_clone_table
                0x20000248        0x0 load address 0x10003258
 .tm_clone_table
                0x20000248        0x0 C:/Users/KauanFarias/.pico-sdk/toolchain/13_3_Rel1/bin/../lib/gcc/arm-none-eabi/13.3.1/thumb/v6-m/nofp/crtbegin.o
 .tm_clone_table
                0x20000248        0x0 C:/Users/KauanFarias/.pico-sdk/toolchain/13_3_Rel1/bin/../lib/gcc/arm-none-eabi/13.3.1/thumb/v6-m/nofp/crtend.o

.igot.plt       0x20000248        0x0 load address 0x10003258
 .igot.plt      0x20000248        0x0 C:/Users/KauanFarias/.pico-sdk/toolchain/13_3_Rel1/bin/../lib/gcc/arm-none-eabi/13.3.1/thumb/v6-m/nofp/crtbegin.o

.tdata          0x20000248        0x0 load address 0x10003258
                0x20000248                        . = ALIGN (0x4)
 *(.tdata .tdata.* .gnu.linkonce.td.*)
                0x20000248                        __tdata_end = .
                0x20000248                        PROVIDE (__data_end__ = .)
                0x100030d0                        __etext = LOADADDR (.data)

.tbss           0x20000248        0x0 load address 0x10003258
                0x20000248                        . = ALIGN (0x4)
                0x20000248                        __bss_start__ = .
                0x20000248                        __tls_base = .
 *(.tbss .tbss.* .gnu.linkonce.tb.*)
 *(.tcommon)
                0x20000248                        __tls_end = .

.bss            0x20000248      0x824 load address 0x10003258
                0x20000248                        . = ALIGN (0x4)
                0x20000248                        __tbss_end = .
 *(SORT_BY_ALIGNMENT(SORT_BY_NAME(.bss*)))
 .bss.default_alarm_pool_entries
                0x20000248      0x180 CMakeFiles/tarefa.dir/C_/Users/KauanFarias/.pico-sdk/sdk/2.1.0/src/common/pico_time/time.c.obj
 .bss.last_interrupt_time_a
                0x200003c8        0x8 CMakeFiles/tarefa.dir/tarefa.c.obj
                0x200003c8                last_interrupt_time_a
 .bss.last_interrupt_time_b
                0x200003d0        0x8 CMakeFiles/tarefa.dir/tarefa.c.obj
                0x200003d0                last_interrupt_time_b
 .bss.sd_table  0x200003d8      0x100 CMakeFiles/tarefa.dir/C_/Users/KauanFarias/.pico-sdk/sdk/2.1.0/src/rp2_common/pico_double/double_init_rom_rp2040.c.obj
                0x200003d8                sd_table
 .bss._used_instruction_space
                0x200004d8        0x8 CMakeFiles/tarefa.dir/C_/Users/KauanFarias/.pico-sdk/sdk/2.1.0/src/rp2_common/hardware_pio/pio.c.obj
 .bss.buffer    0x200004e0      0x400 CMakeFiles/tarefa.dir/ssd1306.c.obj
 .bss.callbacks
                0x200008e0        0x8 CMakeFiles/tarefa.dir/C_/Users/KauanFarias/.pico-sdk/sdk/2.1.0/src/rp2_common/hardware_gpio/gpio.c.obj
 .bss.chars_available_callback
                0x200008e8        0x4 CMakeFiles/tarefa.dir/C_/Users/KauanFarias/.pico-sdk/sdk/2.1.0/src/rp2_common/pico_stdio_uart/stdio_uart.c.obj
 .bss.chars_available_param
                0x200008ec        0x4 CMakeFiles/tarefa.dir/C_/Users/KauanFarias/.pico-sdk/sdk/2.1.0/src/rp2_common/pico_stdio_uart/stdio_uart.c.obj
 .bss.claimed   0x200008f0        0x1 CMakeFiles/tarefa.dir/C_/Users/KauanFarias/.pico-sdk/sdk/2.1.0/src/rp2_common/hardware_timer/timer.c.obj
 *fill*         0x200008f1        0x3 
 .bss.configured_freq
                0x200008f4       0x28 CMakeFiles/tarefa.dir/C_/Users/KauanFarias/.pico-sdk/sdk/2.1.0/src/rp2_common/hardware_clocks/clocks.c.obj
 .bss.drivers   0x2000091c        0x4 CMakeFiles/tarefa.dir/C_/Users/KauanFarias/.pico-sdk/sdk/2.1.0/src/rp2_common/pico_stdio/stdio.c.obj
 .bss.filter    0x20000920        0x4 CMakeFiles/tarefa.dir/C_/Users/KauanFarias/.pico-sdk/sdk/2.1.0/src/rp2_common/pico_stdio/stdio.c.obj
 .bss.lazy_vsnprintf
                0x20000924        0x4 CMakeFiles/tarefa.dir/C_/Users/KauanFarias/.pico-sdk/sdk/2.1.0/src/rp2_common/pico_printf/printf.c.obj
 .bss.object.0  0x20000928       0x18 C:/Users/KauanFarias/.pico-sdk/toolchain/13_3_Rel1/bin/../lib/gcc/arm-none-eabi/13.3.1/thumb/v6-m/nofp/crtbegin.o
 .bss.pools     0x20000940       0x10 CMakeFiles/tarefa.dir/C_/Users/KauanFarias/.pico-sdk/sdk/2.1.0/src/common/pico_time/time.c.obj
 .bss.raw_irq_mask
                0x20000950        0x8 CMakeFiles/tarefa.dir/C_/Users/KauanFarias/.pico-sdk/sdk/2.1.0/src/rp2_common/hardware_gpio/gpio.c.obj
 .bss.sf_clz_func
                0x20000958        0x4 CMakeFiles/tarefa.dir/C_/Users/KauanFarias/.pico-sdk/sdk/2.1.0/src/rp2_common/pico_double/double_init_rom_rp2040.c.obj
                0x20000958                sf_clz_func
 .bss.sf_table  0x2000095c      0x100 CMakeFiles/tarefa.dir/C_/Users/KauanFarias/.pico-sdk/sdk/2.1.0/src/rp2_common/pico_float/float_init_rom_rp2040.c.obj
                0x2000095c                sf_table
 .bss.sleep_notifier
                0x20000a5c        0x4 CMakeFiles/tarefa.dir/C_/Users/KauanFarias/.pico-sdk/sdk/2.1.0/src/common/pico_time/time.c.obj
 .bss.uart_char_to_line_feed
                0x20000a60        0x4 CMakeFiles/tarefa.dir/C_/Users/KauanFarias/.pico-sdk/sdk/2.1.0/src/rp2_common/hardware_uart/uart.c.obj
                0x20000a60                uart_char_to_line_feed
 .bss.uart_instance
                0x20000a64        0x4 CMakeFiles/tarefa.dir/C_/Users/KauanFarias/.pico-sdk/sdk/2.1.0/src/rp2_common/pico_stdio_uart/stdio_uart.c.obj
 .bss.button_a_pressed
                0x20000a68        0x1 CMakeFiles/tarefa.dir/tarefa.c.obj
                0x20000a68                button_a_pressed
 .bss.button_b_pressed
                0x20000a69        0x1 CMakeFiles/tarefa.dir/tarefa.c.obj
                0x20000a69                button_b_pressed
 .bss.irq_handler_chain_free_slot_head
                0x20000a6a        0x1 CMakeFiles/tarefa.dir/C_/Users/KauanFarias/.pico-sdk/sdk/2.1.0/src/rp2_common/hardware_irq/irq.c.obj
 *(COMMON)
                0x20000a6c                        . = ALIGN (0x4)
 *fill*         0x20000a6b        0x1 
                0x20000a6c                        __bss_end__ = .

.heap           0x20000a6c      0x800 load address 0x10003258
                0x20000a6c                        __end__ = .
                0x20000a6c                        end = __end__
 *(.heap*)
 .heap          0x20000a6c      0x800 CMakeFiles/tarefa.dir/C_/Users/KauanFarias/.pico-sdk/sdk/2.1.0/src/rp2_common/pico_crt0/crt0.S.obj
                0x20040000                        __HeapLimit = (ORIGIN (RAM) + LENGTH (RAM))

.scratch_x      0x20040000        0x0 load address 0x10003258
                0x20040000                        __scratch_x_start__ = .
 *(.scratch_x.*)
                0x20040000                        . = ALIGN (0x4)
                0x20040000                        __scratch_x_end__ = .
                0x10003258                        __scratch_x_source__ = LOADADDR (.scratch_x)

.scratch_y      0x20041000        0x0 load address 0x10003258
                0x20041000                        __scratch_y_start__ = .
 *(.scratch_y.*)
                0x20041000                        . = ALIGN (0x4)
                0x20041000                        __scratch_y_end__ = .
                0x10003258                        __scratch_y_source__ = LOADADDR (.scratch_y)

.stack1_dummy
 *(.stack1*)

.stack_dummy    0x20041000      0x800
 *(.stack*)
 .stack         0x20041000      0x800 CMakeFiles/tarefa.dir/C_/Users/KauanFarias/.pico-sdk/sdk/2.1.0/src/rp2_common/pico_crt0/crt0.S.obj

.flash_end      0x10003258        0x0
 *(.embedded_end_block*)
                0x10003258                        PROVIDE (__flash_binary_end = .)
                0x20040000                        __StackLimit = (ORIGIN (RAM) + LENGTH (RAM))
                0x20041000                        __StackOneTop = (ORIGIN (SCRATCH_X) + LENGTH (SCRATCH_X))
                0x20042000                        __StackTop = (ORIGIN (SCRATCH_Y) + LENGTH (SCRATCH_Y))
                0x20041000                        __StackOneBottom = (__StackOneTop - SIZEOF (.stack1_dummy))
                0x20041800                        __StackBottom = (__StackTop - SIZEOF (.stack_dummy))
                0x20042000                        PROVIDE (__stack = __StackTop)
                [!provide]                        PROVIDE (__heap_start = __end__)
                [!provide]                        PROVIDE (__heap_end = __HeapLimit)
                [!provide]                        PROVIDE (__tls_align = MAX (ALIGNOF (.tdata), ALIGNOF (.tbss)))
                [!provide]                        PROVIDE (__tls_size_align = (((__tls_size + __tls_align) - 0x1) & ~ ((__tls_align - 0x1))))
                [!provide]                        PROVIDE (__arm32_tls_tcb_offset = MAX (0x8, __tls_align))
                [!provide]                        PROVIDE (_end = __end__)
                [!provide]                        PROVIDE (__llvm_libc_heap_limit = __HeapLimit)
                0x00000001                        ASSERT ((__StackLimit >= __HeapLimit), region RAM overflowed)
                0x00000001                        ASSERT (((__binary_info_header_end - __logical_binary_start) <= 0x100), Binary info must be in first 256 bytes of the binary)
LOAD CMakeFiles/tarefa.dir/tarefa.c.obj
LOAD CMakeFiles/tarefa.dir/ws2812.c.obj
LOAD CMakeFiles/tarefa.dir/ssd1306.c.obj
LOAD CMakeFiles/tarefa.dir/C_/Users/KauanFarias/.pico-sdk/sdk/2.1.0/src/rp2_common/pico_stdlib/stdlib.c.obj
LOAD CMakeFiles/tarefa.dir/C_/Users/KauanFarias/.pico-sdk/sdk/2.1.0/src/rp2_common/hardware_gpio/gpio.c.obj
LOAD CMakeFiles/tarefa.dir/C_/Users/KauanFarias/.pico-sdk/sdk/2.1.0/src/rp2040/pico_platform/platform.c.obj
LOAD CMakeFiles/tarefa.dir/C_/Users/KauanFarias/.pico-sdk/sdk/2.1.0/src/rp2_common/pico_platform_panic/panic.c.obj
LOAD CMakeFiles/tarefa.dir/C_/Users/KauanFarias/.pico-sdk/sdk/2.1.0/src/common/hardware_claim/claim.c.obj
LOAD CMakeFiles/tarefa.dir/C_/Users/KauanFarias/.pico-sdk/sdk/2.1.0/src/rp2_common/hardware_sync/sync.c.obj
LOAD CMakeFiles/tarefa.dir/C_/Users/KauanFarias/.pico-sdk/sdk/2.1.0/src/rp2_common/hardware_sync_spin_lock/sync_spin_lock.c.obj
LOAD CMakeFiles/tarefa.dir/C_/Users/KauanFarias/.pico-sdk/sdk/2.1.0/src/rp2_common/hardware_irq/irq.c.obj
LOAD CMakeFiles/tarefa.dir/C_/Users/KauanFarias/.pico-sdk/sdk/2.1.0/src/rp2_common/hardware_irq/irq_handler_chain.S.obj
LOAD CMakeFiles/tarefa.dir/C_/Users/KauanFarias/.pico-sdk/sdk/2.1.0/src/common/pico_sync/sem.c.obj
LOAD CMakeFiles/tarefa.dir/C_/Users/KauanFarias/.pico-sdk/sdk/2.1.0/src/common/pico_sync/lock_core.c.obj
LOAD CMakeFiles/tarefa.dir/C_/Users/KauanFarias/.pico-sdk/sdk/2.1.0/src/common/pico_sync/mutex.c.obj
LOAD CMakeFiles/tarefa.dir/C_/Users/KauanFarias/.pico-sdk/sdk/2.1.0/src/common/pico_sync/critical_section.c.obj
LOAD CMakeFiles/tarefa.dir/C_/Users/KauanFarias/.pico-sdk/sdk/2.1.0/src/common/pico_time/time.c.obj
LOAD CMakeFiles/tarefa.dir/C_/Users/KauanFarias/.pico-sdk/sdk/2.1.0/src/common/pico_time/timeout_helper.c.obj
LOAD CMakeFiles/tarefa.dir/C_/Users/KauanFarias/.pico-sdk/sdk/2.1.0/src/rp2_common/hardware_timer/timer.c.obj
LOAD CMakeFiles/tarefa.dir/C_/Users/KauanFarias/.pico-sdk/sdk/2.1.0/src/common/pico_util/datetime.c.obj
LOAD CMakeFiles/tarefa.dir/C_/Users/KauanFarias/.pico-sdk/sdk/2.1.0/src/common/pico_util/pheap.c.obj
LOAD CMakeFiles/tarefa.dir/C_/Users/KauanFarias/.pico-sdk/sdk/2.1.0/src/common/pico_util/queue.c.obj
LOAD CMakeFiles/tarefa.dir/C_/Users/KauanFarias/.pico-sdk/sdk/2.1.0/src/rp2_common/hardware_uart/uart.c.obj
LOAD CMakeFiles/tarefa.dir/C_/Users/KauanFarias/.pico-sdk/sdk/2.1.0/src/rp2_common/hardware_clocks/clocks.c.obj
LOAD CMakeFiles/tarefa.dir/C_/Users/KauanFarias/.pico-sdk/sdk/2.1.0/src/rp2_common/hardware_pll/pll.c.obj
LOAD CMakeFiles/tarefa.dir/C_/Users/KauanFarias/.pico-sdk/sdk/2.1.0/src/rp2_common/hardware_vreg/vreg.c.obj
LOAD CMakeFiles/tarefa.dir/C_/Users/KauanFarias/.pico-sdk/sdk/2.1.0/src/rp2_common/hardware_watchdog/watchdog.c.obj
LOAD CMakeFiles/tarefa.dir/C_/Users/KauanFarias/.pico-sdk/sdk/2.1.0/src/rp2_common/hardware_ticks/ticks.c.obj
LOAD CMakeFiles/tarefa.dir/C_/Users/KauanFarias/.pico-sdk/sdk/2.1.0/src/rp2_common/pico_bootrom/bootrom.c.obj
LOAD CMakeFiles/tarefa.dir/C_/Users/KauanFarias/.pico-sdk/sdk/2.1.0/src/rp2_common/pico_bootrom/bootrom_lock.c.obj
LOAD CMakeFiles/tarefa.dir/C_/Users/KauanFarias/.pico-sdk/sdk/2.1.0/src/rp2_common/hardware_boot_lock/boot_lock.c.obj
LOAD CMakeFiles/tarefa.dir/C_/Users/KauanFarias/.pico-sdk/sdk/2.1.0/src/rp2_common/pico_flash/flash.c.obj
LOAD CMakeFiles/tarefa.dir/C_/Users/KauanFarias/.pico-sdk/sdk/2.1.0/src/rp2_common/hardware_xosc/xosc.c.obj
LOAD CMakeFiles/tarefa.dir/C_/Users/KauanFarias/.pico-sdk/sdk/2.1.0/src/rp2_common/hardware_divider/divider.S.obj
LOAD CMakeFiles/tarefa.dir/C_/Users/KauanFarias/.pico-sdk/sdk/2.1.0/src/rp2_common/pico_runtime/runtime.c.obj
LOAD CMakeFiles/tarefa.dir/C_/Users/KauanFarias/.pico-sdk/sdk/2.1.0/src/rp2_common/pico_runtime_init/runtime_init.c.obj
LOAD CMakeFiles/tarefa.dir/C_/Users/KauanFarias/.pico-sdk/sdk/2.1.0/src/rp2_common/pico_runtime_init/runtime_init_clocks.c.obj
LOAD CMakeFiles/tarefa.dir/C_/Users/KauanFarias/.pico-sdk/sdk/2.1.0/src/rp2_common/pico_runtime_init/runtime_init_stack_guard.c.obj
LOAD CMakeFiles/tarefa.dir/C_/Users/KauanFarias/.pico-sdk/sdk/2.1.0/src/rp2_common/pico_bit_ops/bit_ops_aeabi.S.obj
LOAD CMakeFiles/tarefa.dir/C_/Users/KauanFarias/.pico-sdk/sdk/2.1.0/src/rp2_common/pico_divider/divider_hardware.S.obj
LOAD CMakeFiles/tarefa.dir/C_/Users/KauanFarias/.pico-sdk/sdk/2.1.0/src/rp2_common/pico_double/double_aeabi_rp2040.S.obj
LOAD CMakeFiles/tarefa.dir/C_/Users/KauanFarias/.pico-sdk/sdk/2.1.0/src/rp2_common/pico_double/double_init_rom_rp2040.c.obj
LOAD CMakeFiles/tarefa.dir/C_/Users/KauanFarias/.pico-sdk/sdk/2.1.0/src/rp2_common/pico_double/double_math.c.obj
LOAD CMakeFiles/tarefa.dir/C_/Users/KauanFarias/.pico-sdk/sdk/2.1.0/src/rp2_common/pico_double/double_v1_rom_shim_rp2040.S.obj
LOAD CMakeFiles/tarefa.dir/C_/Users/KauanFarias/.pico-sdk/sdk/2.1.0/src/rp2_common/pico_int64_ops/pico_int64_ops_aeabi.S.obj
LOAD CMakeFiles/tarefa.dir/C_/Users/KauanFarias/.pico-sdk/sdk/2.1.0/src/rp2_common/pico_float/float_aeabi_rp2040.S.obj
LOAD CMakeFiles/tarefa.dir/C_/Users/KauanFarias/.pico-sdk/sdk/2.1.0/src/rp2_common/pico_float/float_init_rom_rp2040.c.obj
LOAD CMakeFiles/tarefa.dir/C_/Users/KauanFarias/.pico-sdk/sdk/2.1.0/src/rp2_common/pico_float/float_math.c.obj
LOAD CMakeFiles/tarefa.dir/C_/Users/KauanFarias/.pico-sdk/sdk/2.1.0/src/rp2_common/pico_float/float_v1_rom_shim_rp2040.S.obj
LOAD CMakeFiles/tarefa.dir/C_/Users/KauanFarias/.pico-sdk/sdk/2.1.0/src/rp2_common/pico_malloc/malloc.c.obj
LOAD CMakeFiles/tarefa.dir/C_/Users/KauanFarias/.pico-sdk/sdk/2.1.0/src/rp2_common/pico_mem_ops/mem_ops_aeabi.S.obj
LOAD CMakeFiles/tarefa.dir/C_/Users/KauanFarias/.pico-sdk/sdk/2.1.0/src/rp2_common/pico_atomic/atomic.c.obj
LOAD CMakeFiles/tarefa.dir/C_/Users/KauanFarias/.pico-sdk/sdk/2.1.0/src/rp2_common/pico_cxx_options/new_delete.cpp.obj
LOAD CMakeFiles/tarefa.dir/C_/Users/KauanFarias/.pico-sdk/sdk/2.1.0/src/rp2_common/pico_standard_binary_info/standard_binary_info.c.obj
LOAD CMakeFiles/tarefa.dir/C_/Users/KauanFarias/.pico-sdk/sdk/2.1.0/src/rp2_common/pico_printf/printf.c.obj
LOAD CMakeFiles/tarefa.dir/C_/Users/KauanFarias/.pico-sdk/sdk/2.1.0/src/rp2_common/pico_crt0/crt0.S.obj
LOAD CMakeFiles/tarefa.dir/C_/Users/KauanFarias/.pico-sdk/sdk/2.1.0/src/rp2_common/pico_clib_interface/newlib_interface.c.obj
LOAD CMakeFiles/tarefa.dir/C_/Users/KauanFarias/.pico-sdk/sdk/2.1.0/src/rp2_common/pico_stdio/stdio.c.obj
LOAD CMakeFiles/tarefa.dir/C_/Users/KauanFarias/.pico-sdk/sdk/2.1.0/src/rp2_common/pico_stdio_uart/stdio_uart.c.obj
LOAD CMakeFiles/tarefa.dir/C_/Users/KauanFarias/.pico-sdk/sdk/2.1.0/src/rp2_common/hardware_i2c/i2c.c.obj
LOAD CMakeFiles/tarefa.dir/C_/Users/KauanFarias/.pico-sdk/sdk/2.1.0/src/rp2_common/hardware_pio/pio.c.obj
LOAD pico-sdk/src/rp2040/boot_stage2/CMakeFiles/bs2_default_library.dir/./bs2_default_padded_checksummed.S.obj
LOAD C:/Users/KauanFarias/.pico-sdk/toolchain/13_3_Rel1/bin/../lib/gcc/arm-none-eabi/13.3.1/thumb/v6-m/nofp\libstdc++.a
LOAD C:/Users/KauanFarias/.pico-sdk/toolchain/13_3_Rel1/bin/../lib/gcc/arm-none-eabi/13.3.1/thumb/v6-m/nofp\libm.a
START GROUP
LOAD C:/Users/KauanFarias/.pico-sdk/toolchain/13_3_Rel1/bin/../lib/gcc/arm-none-eabi/13.3.1/thumb/v6-m/nofp\libgcc.a
LOAD C:/Users/KauanFarias/.pico-sdk/toolchain/13_3_Rel1/bin/../lib/gcc/arm-none-eabi/13.3.1/thumb/v6-m/nofp\libg.a
LOAD C:/Users/KauanFarias/.pico-sdk/toolchain/13_3_Rel1/bin/../lib/gcc/arm-none-eabi/13.3.1/thumb/v6-m/nofp\libc.a
END GROUP
START GROUP
LOAD C:/Users/KauanFarias/.pico-sdk/toolchain/13_3_Rel1/bin/../lib/gcc/arm-none-eabi/13.3.1/thumb/v6-m/nofp\libgcc.a
LOAD C:/Users/KauanFarias/.pico-sdk/toolchain/13_3_Rel1/bin/../lib/gcc/arm-none-eabi/13.3.1/thumb/v6-m/nofp\libc.a
LOAD C:/Users/KauanFarias/.pico-sdk/toolchain/13_3_Rel1/bin/../lib/gcc/arm-none-eabi/13.3.1/thumb/v6-m/nofp\libnosys.a
END GROUP
LOAD C:/Users/KauanFarias/.pico-sdk/toolchain/13_3_Rel1/bin/../lib/gcc/arm-none-eabi/13.3.1/thumb/v6-m/nofp/crtend.o
LOAD C:/Users/KauanFarias/.pico-sdk/toolchain/13_3_Rel1/bin/../lib/gcc/arm-none-eabi/13.3.1/thumb/v6-m/nofp/crtn.o
OUTPUT(tarefa.elf elf32-littlearm)
LOAD linker stubs

.ARM.attributes
                0x00000000       0x28
 .ARM.attributes
                0x00000000       0x1e C:/Users/KauanFarias/.pico-sdk/toolchain/13_3_Rel1/bin/../lib/gcc/arm-none-eabi/13.3.1/thumb/v6-m/nofp/crti.o
 .ARM.attributes
                0x0000001e       0x2c C:/Users/KauanFarias/.pico-sdk/toolchain/13_3_Rel1/bin/../lib/gcc/arm-none-eabi/13.3.1/thumb/v6-m/nofp/crtbegin.o
 .ARM.attributes
                0x0000004a       0x2c CMakeFiles/tarefa.dir/tarefa.c.obj
 .ARM.attributes
                0x00000076       0x2c CMakeFiles/tarefa.dir/ws2812.c.obj
 .ARM.attributes
                0x000000a2       0x2c CMakeFiles/tarefa.dir/ssd1306.c.obj
 .ARM.attributes
                0x000000ce       0x2c CMakeFiles/tarefa.dir/C_/Users/KauanFarias/.pico-sdk/sdk/2.1.0/src/rp2_common/hardware_gpio/gpio.c.obj
 .ARM.attributes
                0x000000fa       0x2c CMakeFiles/tarefa.dir/C_/Users/KauanFarias/.pico-sdk/sdk/2.1.0/src/rp2_common/pico_platform_panic/panic.c.obj
 .ARM.attributes
                0x00000126       0x2c CMakeFiles/tarefa.dir/C_/Users/KauanFarias/.pico-sdk/sdk/2.1.0/src/common/hardware_claim/claim.c.obj
 .ARM.attributes
                0x00000152       0x2c CMakeFiles/tarefa.dir/C_/Users/KauanFarias/.pico-sdk/sdk/2.1.0/src/rp2_common/hardware_sync/sync.c.obj
 .ARM.attributes
                0x0000017e       0x2c CMakeFiles/tarefa.dir/C_/Users/KauanFarias/.pico-sdk/sdk/2.1.0/src/rp2_common/hardware_sync_spin_lock/sync_spin_lock.c.obj
 .ARM.attributes
                0x000001aa       0x2c CMakeFiles/tarefa.dir/C_/Users/KauanFarias/.pico-sdk/sdk/2.1.0/src/rp2_common/hardware_irq/irq.c.obj
 .ARM.attributes
                0x000001d6       0x22 CMakeFiles/tarefa.dir/C_/Users/KauanFarias/.pico-sdk/sdk/2.1.0/src/rp2_common/hardware_irq/irq_handler_chain.S.obj
 .ARM.attributes
                0x000001f8       0x2c CMakeFiles/tarefa.dir/C_/Users/KauanFarias/.pico-sdk/sdk/2.1.0/src/common/pico_sync/lock_core.c.obj
 .ARM.attributes
                0x00000224       0x2c CMakeFiles/tarefa.dir/C_/Users/KauanFarias/.pico-sdk/sdk/2.1.0/src/common/pico_sync/mutex.c.obj
 .ARM.attributes
                0x00000250       0x2c CMakeFiles/tarefa.dir/C_/Users/KauanFarias/.pico-sdk/sdk/2.1.0/src/common/pico_time/time.c.obj
 .ARM.attributes
                0x0000027c       0x2c CMakeFiles/tarefa.dir/C_/Users/KauanFarias/.pico-sdk/sdk/2.1.0/src/rp2_common/hardware_timer/timer.c.obj
 .ARM.attributes
                0x000002a8       0x2c CMakeFiles/tarefa.dir/C_/Users/KauanFarias/.pico-sdk/sdk/2.1.0/src/rp2_common/hardware_uart/uart.c.obj
 .ARM.attributes
                0x000002d4       0x2c CMakeFiles/tarefa.dir/C_/Users/KauanFarias/.pico-sdk/sdk/2.1.0/src/rp2_common/hardware_clocks/clocks.c.obj
 .ARM.attributes
                0x00000300       0x2c CMakeFiles/tarefa.dir/C_/Users/KauanFarias/.pico-sdk/sdk/2.1.0/src/rp2_common/hardware_pll/pll.c.obj
 .ARM.attributes
                0x0000032c       0x2c CMakeFiles/tarefa.dir/C_/Users/KauanFarias/.pico-sdk/sdk/2.1.0/src/rp2_common/hardware_ticks/ticks.c.obj
 .ARM.attributes
                0x00000358       0x2c CMakeFiles/tarefa.dir/C_/Users/KauanFarias/.pico-sdk/sdk/2.1.0/src/rp2_common/pico_bootrom/bootrom.c.obj
 .ARM.attributes
                0x00000384       0x2c CMakeFiles/tarefa.dir/C_/Users/KauanFarias/.pico-sdk/sdk/2.1.0/src/rp2_common/hardware_xosc/xosc.c.obj
 .ARM.attributes
                0x000003b0       0x2c CMakeFiles/tarefa.dir/C_/Users/KauanFarias/.pico-sdk/sdk/2.1.0/src/rp2_common/pico_runtime/runtime.c.obj
 .ARM.attributes
                0x000003dc       0x2c CMakeFiles/tarefa.dir/C_/Users/KauanFarias/.pico-sdk/sdk/2.1.0/src/rp2_common/pico_runtime_init/runtime_init.c.obj
 .ARM.attributes
                0x00000408       0x2c CMakeFiles/tarefa.dir/C_/Users/KauanFarias/.pico-sdk/sdk/2.1.0/src/rp2_common/pico_runtime_init/runtime_init_clocks.c.obj
 .ARM.attributes
                0x00000434       0x22 CMakeFiles/tarefa.dir/C_/Users/KauanFarias/.pico-sdk/sdk/2.1.0/src/rp2_common/pico_bit_ops/bit_ops_aeabi.S.obj
 .ARM.attributes
                0x00000456       0x22 CMakeFiles/tarefa.dir/C_/Users/KauanFarias/.pico-sdk/sdk/2.1.0/src/rp2_common/pico_divider/divider_hardware.S.obj
 .ARM.attributes
                0x00000478       0x22 CMakeFiles/tarefa.dir/C_/Users/KauanFarias/.pico-sdk/sdk/2.1.0/src/rp2_common/pico_double/double_aeabi_rp2040.S.obj
 .ARM.attributes
                0x0000049a       0x2c CMakeFiles/tarefa.dir/C_/Users/KauanFarias/.pico-sdk/sdk/2.1.0/src/rp2_common/pico_double/double_init_rom_rp2040.c.obj
 .ARM.attributes
                0x000004c6       0x22 CMakeFiles/tarefa.dir/C_/Users/KauanFarias/.pico-sdk/sdk/2.1.0/src/rp2_common/pico_double/double_v1_rom_shim_rp2040.S.obj
 .ARM.attributes
                0x000004e8       0x22 CMakeFiles/tarefa.dir/C_/Users/KauanFarias/.pico-sdk/sdk/2.1.0/src/rp2_common/pico_int64_ops/pico_int64_ops_aeabi.S.obj
 .ARM.attributes
                0x0000050a       0x22 CMakeFiles/tarefa.dir/C_/Users/KauanFarias/.pico-sdk/sdk/2.1.0/src/rp2_common/pico_float/float_aeabi_rp2040.S.obj
 .ARM.attributes
                0x0000052c       0x2c CMakeFiles/tarefa.dir/C_/Users/KauanFarias/.pico-sdk/sdk/2.1.0/src/rp2_common/pico_float/float_init_rom_rp2040.c.obj
 .ARM.attributes
                0x00000558       0x22 CMakeFiles/tarefa.dir/C_/Users/KauanFarias/.pico-sdk/sdk/2.1.0/src/rp2_common/pico_mem_ops/mem_ops_aeabi.S.obj
 .ARM.attributes
                0x0000057a       0x2c CMakeFiles/tarefa.dir/C_/Users/KauanFarias/.pico-sdk/sdk/2.1.0/src/rp2_common/pico_standard_binary_info/standard_binary_info.c.obj
 .ARM.attributes
                0x000005a6       0x2c CMakeFiles/tarefa.dir/C_/Users/KauanFarias/.pico-sdk/sdk/2.1.0/src/rp2_common/pico_printf/printf.c.obj
 .ARM.attributes
                0x000005d2       0x22 CMakeFiles/tarefa.dir/C_/Users/KauanFarias/.pico-sdk/sdk/2.1.0/src/rp2_common/pico_crt0/crt0.S.obj
 .ARM.attributes
                0x000005f4       0x2c CMakeFiles/tarefa.dir/C_/Users/KauanFarias/.pico-sdk/sdk/2.1.0/src/rp2_common/pico_clib_interface/newlib_interface.c.obj
 .ARM.attributes
                0x00000620       0x2c CMakeFiles/tarefa.dir/C_/Users/KauanFarias/.pico-sdk/sdk/2.1.0/src/rp2_common/pico_stdio/stdio.c.obj
 .ARM.attributes
                0x0000064c       0x2c CMakeFiles/tarefa.dir/C_/Users/KauanFarias/.pico-sdk/sdk/2.1.0/src/rp2_common/pico_stdio_uart/stdio_uart.c.obj
 .ARM.attributes
                0x00000678       0x2c CMakeFiles/tarefa.dir/C_/Users/KauanFarias/.pico-sdk/sdk/2.1.0/src/rp2_common/hardware_i2c/i2c.c.obj
 .ARM.attributes
                0x000006a4       0x2c CMakeFiles/tarefa.dir/C_/Users/KauanFarias/.pico-sdk/sdk/2.1.0/src/rp2_common/hardware_pio/pio.c.obj
 .ARM.attributes
                0x000006d0       0x22 pico-sdk/src/rp2040/boot_stage2/CMakeFiles/bs2_default_library.dir/./bs2_default_padded_checksummed.S.obj
 .ARM.attributes
                0x000006f2       0x1e C:/Users/KauanFarias/.pico-sdk/toolchain/13_3_Rel1/bin/../lib/gcc/arm-none-eabi/13.3.1/thumb/v6-m/nofp\libgcc.a(_dvmd_tls.o)
 .ARM.attributes
                0x00000710       0x2c C:/Users/KauanFarias/.pico-sdk/toolchain/13_3_Rel1/bin/../lib/gcc/arm-none-eabi/13.3.1/thumb/v6-m/nofp\libg.a(libc_a-strlen-stub.o)
 .ARM.attributes
                0x0000073c       0x2c C:/Users/KauanFarias/.pico-sdk/toolchain/13_3_Rel1/bin/../lib/gcc/arm-none-eabi/13.3.1/thumb/v6-m/nofp/crtend.o

.comment        0x00000000       0x45
 .comment       0x00000000       0x45 CMakeFiles/tarefa.dir/tarefa.c.obj
                                 0x46 (size before relaxing)
 .comment       0x00000045       0x46 CMakeFiles/tarefa.dir/ws2812.c.obj
 .comment       0x00000045       0x46 CMakeFiles/tarefa.dir/ssd1306.c.obj
 .comment       0x00000045       0x46 CMakeFiles/tarefa.dir/C_/Users/KauanFarias/.pico-sdk/sdk/2.1.0/src/rp2_common/hardware_gpio/gpio.c.obj
 .comment       0x00000045       0x46 CMakeFiles/tarefa.dir/C_/Users/KauanFarias/.pico-sdk/sdk/2.1.0/src/rp2_common/pico_platform_panic/panic.c.obj
 .comment       0x00000045       0x46 CMakeFiles/tarefa.dir/C_/Users/KauanFarias/.pico-sdk/sdk/2.1.0/src/common/hardware_claim/claim.c.obj
 .comment       0x00000045       0x46 CMakeFiles/tarefa.dir/C_/Users/KauanFarias/.pico-sdk/sdk/2.1.0/src/rp2_common/hardware_sync/sync.c.obj
 .comment       0x00000045       0x46 CMakeFiles/tarefa.dir/C_/Users/KauanFarias/.pico-sdk/sdk/2.1.0/src/rp2_common/hardware_sync_spin_lock/sync_spin_lock.c.obj
 .comment       0x00000045       0x46 CMakeFiles/tarefa.dir/C_/Users/KauanFarias/.pico-sdk/sdk/2.1.0/src/rp2_common/hardware_irq/irq.c.obj
 .comment       0x00000045       0x46 CMakeFiles/tarefa.dir/C_/Users/KauanFarias/.pico-sdk/sdk/2.1.0/src/common/pico_sync/lock_core.c.obj
 .comment       0x00000045       0x46 CMakeFiles/tarefa.dir/C_/Users/KauanFarias/.pico-sdk/sdk/2.1.0/src/common/pico_sync/mutex.c.obj
 .comment       0x00000045       0x46 CMakeFiles/tarefa.dir/C_/Users/KauanFarias/.pico-sdk/sdk/2.1.0/src/common/pico_time/time.c.obj
 .comment       0x00000045       0x46 CMakeFiles/tarefa.dir/C_/Users/KauanFarias/.pico-sdk/sdk/2.1.0/src/rp2_common/hardware_timer/timer.c.obj
 .comment       0x00000045       0x46 CMakeFiles/tarefa.dir/C_/Users/KauanFarias/.pico-sdk/sdk/2.1.0/src/rp2_common/hardware_uart/uart.c.obj
 .comment       0x00000045       0x46 CMakeFiles/tarefa.dir/C_/Users/KauanFarias/.pico-sdk/sdk/2.1.0/src/rp2_common/hardware_clocks/clocks.c.obj
 .comment       0x00000045       0x46 CMakeFiles/tarefa.dir/C_/Users/KauanFarias/.pico-sdk/sdk/2.1.0/src/rp2_common/hardware_pll/pll.c.obj
 .comment       0x00000045       0x46 CMakeFiles/tarefa.dir/C_/Users/KauanFarias/.pico-sdk/sdk/2.1.0/src/rp2_common/hardware_ticks/ticks.c.obj
 .comment       0x00000045       0x46 CMakeFiles/tarefa.dir/C_/Users/KauanFarias/.pico-sdk/sdk/2.1.0/src/rp2_common/pico_bootrom/bootrom.c.obj
 .comment       0x00000045       0x46 CMakeFiles/tarefa.dir/C_/Users/KauanFarias/.pico-sdk/sdk/2.1.0/src/rp2_common/hardware_xosc/xosc.c.obj
 .comment       0x00000045       0x46 CMakeFiles/tarefa.dir/C_/Users/KauanFarias/.pico-sdk/sdk/2.1.0/src/rp2_common/pico_runtime/runtime.c.obj
 .comment       0x00000045       0x46 CMakeFiles/tarefa.dir/C_/Users/KauanFarias/.pico-sdk/sdk/2.1.0/src/rp2_common/pico_runtime_init/runtime_init.c.obj
 .comment       0x00000045       0x46 CMakeFiles/tarefa.dir/C_/Users/KauanFarias/.pico-sdk/sdk/2.1.0/src/rp2_common/pico_runtime_init/runtime_init_clocks.c.obj
 .comment       0x00000045       0x46 CMakeFiles/tarefa.dir/C_/Users/KauanFarias/.pico-sdk/sdk/2.1.0/src/rp2_common/pico_double/double_init_rom_rp2040.c.obj
 .comment       0x00000045       0x46 CMakeFiles/tarefa.dir/C_/Users/KauanFarias/.pico-sdk/sdk/2.1.0/src/rp2_common/pico_float/float_init_rom_rp2040.c.obj
 .comment       0x00000045       0x46 CMakeFiles/tarefa.dir/C_/Users/KauanFarias/.pico-sdk/sdk/2.1.0/src/rp2_common/pico_standard_binary_info/standard_binary_info.c.obj
 .comment       0x00000045       0x46 CMakeFiles/tarefa.dir/C_/Users/KauanFarias/.pico-sdk/sdk/2.1.0/src/rp2_common/pico_printf/printf.c.obj
 .comment       0x00000045       0x46 CMakeFiles/tarefa.dir/C_/Users/KauanFarias/.pico-sdk/sdk/2.1.0/src/rp2_common/pico_clib_interface/newlib_interface.c.obj
 .comment       0x00000045       0x46 CMakeFiles/tarefa.dir/C_/Users/KauanFarias/.pico-sdk/sdk/2.1.0/src/rp2_common/pico_stdio/stdio.c.obj
 .comment       0x00000045       0x46 CMakeFiles/tarefa.dir/C_/Users/KauanFarias/.pico-sdk/sdk/2.1.0/src/rp2_common/pico_stdio_uart/stdio_uart.c.obj
 .comment       0x00000045       0x46 CMakeFiles/tarefa.dir/C_/Users/KauanFarias/.pico-sdk/sdk/2.1.0/src/rp2_common/hardware_i2c/i2c.c.obj
 .comment       0x00000045       0x46 CMakeFiles/tarefa.dir/C_/Users/KauanFarias/.pico-sdk/sdk/2.1.0/src/rp2_common/hardware_pio/pio.c.obj

.debug_info     0x00000000    0x250f7
 .debug_info    0x00000000     0x1f12 CMakeFiles/tarefa.dir/tarefa.c.obj
 .debug_info    0x00001f12     0x130f CMakeFiles/tarefa.dir/ws2812.c.obj
 .debug_info    0x00003221     0x127c CMakeFiles/tarefa.dir/ssd1306.c.obj
 .debug_info    0x0000449d     0x2437 CMakeFiles/tarefa.dir/C_/Users/KauanFarias/.pico-sdk/sdk/2.1.0/src/rp2_common/hardware_gpio/gpio.c.obj
 .debug_info    0x000068d4      0x1bf CMakeFiles/tarefa.dir/C_/Users/KauanFarias/.pico-sdk/sdk/2.1.0/src/rp2_common/pico_platform_panic/panic.c.obj
 .debug_info    0x00006a93      0x995 CMakeFiles/tarefa.dir/C_/Users/KauanFarias/.pico-sdk/sdk/2.1.0/src/common/hardware_claim/claim.c.obj
 .debug_info    0x00007428      0x458 CMakeFiles/tarefa.dir/C_/Users/KauanFarias/.pico-sdk/sdk/2.1.0/src/rp2_common/hardware_sync/sync.c.obj
 .debug_info    0x00007880      0x245 CMakeFiles/tarefa.dir/C_/Users/KauanFarias/.pico-sdk/sdk/2.1.0/src/rp2_common/hardware_sync_spin_lock/sync_spin_lock.c.obj
 .debug_info    0x00007ac5     0x21a8 CMakeFiles/tarefa.dir/C_/Users/KauanFarias/.pico-sdk/sdk/2.1.0/src/rp2_common/hardware_irq/irq.c.obj
 .debug_info    0x00009c6d      0x15f CMakeFiles/tarefa.dir/C_/Users/KauanFarias/.pico-sdk/sdk/2.1.0/src/common/pico_sync/lock_core.c.obj
 .debug_info    0x00009dcc     0x2803 CMakeFiles/tarefa.dir/C_/Users/KauanFarias/.pico-sdk/sdk/2.1.0/src/common/pico_sync/mutex.c.obj
 .debug_info    0x0000c5cf     0x485e CMakeFiles/tarefa.dir/C_/Users/KauanFarias/.pico-sdk/sdk/2.1.0/src/common/pico_time/time.c.obj
 .debug_info    0x00010e2d     0x2b11 CMakeFiles/tarefa.dir/C_/Users/KauanFarias/.pico-sdk/sdk/2.1.0/src/rp2_common/hardware_timer/timer.c.obj
 .debug_info    0x0001393e     0x195f CMakeFiles/tarefa.dir/C_/Users/KauanFarias/.pico-sdk/sdk/2.1.0/src/rp2_common/hardware_uart/uart.c.obj
 .debug_info    0x0001529d     0x2935 CMakeFiles/tarefa.dir/C_/Users/KauanFarias/.pico-sdk/sdk/2.1.0/src/rp2_common/hardware_clocks/clocks.c.obj
 .debug_info    0x00017bd2      0x4e5 CMakeFiles/tarefa.dir/C_/Users/KauanFarias/.pico-sdk/sdk/2.1.0/src/rp2_common/hardware_pll/pll.c.obj
 .debug_info    0x000180b7      0x248 CMakeFiles/tarefa.dir/C_/Users/KauanFarias/.pico-sdk/sdk/2.1.0/src/rp2_common/hardware_ticks/ticks.c.obj
 .debug_info    0x000182ff      0x633 CMakeFiles/tarefa.dir/C_/Users/KauanFarias/.pico-sdk/sdk/2.1.0/src/rp2_common/pico_bootrom/bootrom.c.obj
 .debug_info    0x00018932      0x1cc CMakeFiles/tarefa.dir/C_/Users/KauanFarias/.pico-sdk/sdk/2.1.0/src/rp2_common/hardware_xosc/xosc.c.obj
 .debug_info    0x00018afe      0x21a CMakeFiles/tarefa.dir/C_/Users/KauanFarias/.pico-sdk/sdk/2.1.0/src/rp2_common/pico_runtime/runtime.c.obj
 .debug_info    0x00018d18      0x795 CMakeFiles/tarefa.dir/C_/Users/KauanFarias/.pico-sdk/sdk/2.1.0/src/rp2_common/pico_runtime_init/runtime_init.c.obj
 .debug_info    0x000194ad      0x780 CMakeFiles/tarefa.dir/C_/Users/KauanFarias/.pico-sdk/sdk/2.1.0/src/rp2_common/pico_runtime_init/runtime_init_clocks.c.obj
 .debug_info    0x00019c2d       0x23 CMakeFiles/tarefa.dir/C_/Users/KauanFarias/.pico-sdk/sdk/2.1.0/src/rp2_common/pico_bit_ops/bit_ops_aeabi.S.obj
 .debug_info    0x00019c50       0x23 CMakeFiles/tarefa.dir/C_/Users/KauanFarias/.pico-sdk/sdk/2.1.0/src/rp2_common/pico_divider/divider_hardware.S.obj
 .debug_info    0x00019c73       0x23 CMakeFiles/tarefa.dir/C_/Users/KauanFarias/.pico-sdk/sdk/2.1.0/src/rp2_common/pico_double/double_aeabi_rp2040.S.obj
 .debug_info    0x00019c96      0x2d0 CMakeFiles/tarefa.dir/C_/Users/KauanFarias/.pico-sdk/sdk/2.1.0/src/rp2_common/pico_double/double_init_rom_rp2040.c.obj
 .debug_info    0x00019f66       0x24 CMakeFiles/tarefa.dir/C_/Users/KauanFarias/.pico-sdk/sdk/2.1.0/src/rp2_common/pico_double/double_v1_rom_shim_rp2040.S.obj
 .debug_info    0x00019f8a       0x24 CMakeFiles/tarefa.dir/C_/Users/KauanFarias/.pico-sdk/sdk/2.1.0/src/rp2_common/pico_int64_ops/pico_int64_ops_aeabi.S.obj
 .debug_info    0x00019fae       0x23 CMakeFiles/tarefa.dir/C_/Users/KauanFarias/.pico-sdk/sdk/2.1.0/src/rp2_common/pico_float/float_aeabi_rp2040.S.obj
 .debug_info    0x00019fd1      0x2bc CMakeFiles/tarefa.dir/C_/Users/KauanFarias/.pico-sdk/sdk/2.1.0/src/rp2_common/pico_float/float_init_rom_rp2040.c.obj
 .debug_info    0x0001a28d       0x23 CMakeFiles/tarefa.dir/C_/Users/KauanFarias/.pico-sdk/sdk/2.1.0/src/rp2_common/pico_mem_ops/mem_ops_aeabi.S.obj
 .debug_info    0x0001a2b0      0x2b8 CMakeFiles/tarefa.dir/C_/Users/KauanFarias/.pico-sdk/sdk/2.1.0/src/rp2_common/pico_standard_binary_info/standard_binary_info.c.obj
 .debug_info    0x0001a568     0x211a CMakeFiles/tarefa.dir/C_/Users/KauanFarias/.pico-sdk/sdk/2.1.0/src/rp2_common/pico_printf/printf.c.obj
 .debug_info    0x0001c682       0x23 CMakeFiles/tarefa.dir/C_/Users/KauanFarias/.pico-sdk/sdk/2.1.0/src/rp2_common/pico_crt0/crt0.S.obj
 .debug_info    0x0001c6a5      0xb54 CMakeFiles/tarefa.dir/C_/Users/KauanFarias/.pico-sdk/sdk/2.1.0/src/rp2_common/pico_clib_interface/newlib_interface.c.obj
 .debug_info    0x0001d1f9     0x1cdd CMakeFiles/tarefa.dir/C_/Users/KauanFarias/.pico-sdk/sdk/2.1.0/src/rp2_common/pico_stdio/stdio.c.obj
 .debug_info    0x0001eed6     0x14e7 CMakeFiles/tarefa.dir/C_/Users/KauanFarias/.pico-sdk/sdk/2.1.0/src/rp2_common/pico_stdio_uart/stdio_uart.c.obj
 .debug_info    0x000203bd     0x1ccc CMakeFiles/tarefa.dir/C_/Users/KauanFarias/.pico-sdk/sdk/2.1.0/src/rp2_common/hardware_i2c/i2c.c.obj
 .debug_info    0x00022089     0x306e CMakeFiles/tarefa.dir/C_/Users/KauanFarias/.pico-sdk/sdk/2.1.0/src/rp2_common/hardware_pio/pio.c.obj

.debug_abbrev   0x00000000     0x653f
 .debug_abbrev  0x00000000      0x4b6 CMakeFiles/tarefa.dir/tarefa.c.obj
 .debug_abbrev  0x000004b6      0x415 CMakeFiles/tarefa.dir/ws2812.c.obj
 .debug_abbrev  0x000008cb      0x29e CMakeFiles/tarefa.dir/ssd1306.c.obj
 .debug_abbrev  0x00000b69      0x4f9 CMakeFiles/tarefa.dir/C_/Users/KauanFarias/.pico-sdk/sdk/2.1.0/src/rp2_common/hardware_gpio/gpio.c.obj
 .debug_abbrev  0x00001062      0x12b CMakeFiles/tarefa.dir/C_/Users/KauanFarias/.pico-sdk/sdk/2.1.0/src/rp2_common/pico_platform_panic/panic.c.obj
 .debug_abbrev  0x0000118d      0x33b CMakeFiles/tarefa.dir/C_/Users/KauanFarias/.pico-sdk/sdk/2.1.0/src/common/hardware_claim/claim.c.obj
 .debug_abbrev  0x000014c8      0x20d CMakeFiles/tarefa.dir/C_/Users/KauanFarias/.pico-sdk/sdk/2.1.0/src/rp2_common/hardware_sync/sync.c.obj
 .debug_abbrev  0x000016d5      0x1bb CMakeFiles/tarefa.dir/C_/Users/KauanFarias/.pico-sdk/sdk/2.1.0/src/rp2_common/hardware_sync_spin_lock/sync_spin_lock.c.obj
 .debug_abbrev  0x00001890      0x5ff CMakeFiles/tarefa.dir/C_/Users/KauanFarias/.pico-sdk/sdk/2.1.0/src/rp2_common/hardware_irq/irq.c.obj
 .debug_abbrev  0x00001e8f       0xee CMakeFiles/tarefa.dir/C_/Users/KauanFarias/.pico-sdk/sdk/2.1.0/src/common/pico_sync/lock_core.c.obj
 .debug_abbrev  0x00001f7d      0x48c CMakeFiles/tarefa.dir/C_/Users/KauanFarias/.pico-sdk/sdk/2.1.0/src/common/pico_sync/mutex.c.obj
 .debug_abbrev  0x00002409      0x67b CMakeFiles/tarefa.dir/C_/Users/KauanFarias/.pico-sdk/sdk/2.1.0/src/common/pico_time/time.c.obj
 .debug_abbrev  0x00002a84      0x4f2 CMakeFiles/tarefa.dir/C_/Users/KauanFarias/.pico-sdk/sdk/2.1.0/src/rp2_common/hardware_timer/timer.c.obj
 .debug_abbrev  0x00002f76      0x365 CMakeFiles/tarefa.dir/C_/Users/KauanFarias/.pico-sdk/sdk/2.1.0/src/rp2_common/hardware_uart/uart.c.obj
 .debug_abbrev  0x000032db      0x4e2 CMakeFiles/tarefa.dir/C_/Users/KauanFarias/.pico-sdk/sdk/2.1.0/src/rp2_common/hardware_clocks/clocks.c.obj
 .debug_abbrev  0x000037bd      0x1d2 CMakeFiles/tarefa.dir/C_/Users/KauanFarias/.pico-sdk/sdk/2.1.0/src/rp2_common/hardware_pll/pll.c.obj
 .debug_abbrev  0x0000398f      0x145 CMakeFiles/tarefa.dir/C_/Users/KauanFarias/.pico-sdk/sdk/2.1.0/src/rp2_common/hardware_ticks/ticks.c.obj
 .debug_abbrev  0x00003ad4      0x1d7 CMakeFiles/tarefa.dir/C_/Users/KauanFarias/.pico-sdk/sdk/2.1.0/src/rp2_common/pico_bootrom/bootrom.c.obj
 .debug_abbrev  0x00003cab      0x11b CMakeFiles/tarefa.dir/C_/Users/KauanFarias/.pico-sdk/sdk/2.1.0/src/rp2_common/hardware_xosc/xosc.c.obj
 .debug_abbrev  0x00003dc6      0x182 CMakeFiles/tarefa.dir/C_/Users/KauanFarias/.pico-sdk/sdk/2.1.0/src/rp2_common/pico_runtime/runtime.c.obj
 .debug_abbrev  0x00003f48      0x222 CMakeFiles/tarefa.dir/C_/Users/KauanFarias/.pico-sdk/sdk/2.1.0/src/rp2_common/pico_runtime_init/runtime_init.c.obj
 .debug_abbrev  0x0000416a      0x294 CMakeFiles/tarefa.dir/C_/Users/KauanFarias/.pico-sdk/sdk/2.1.0/src/rp2_common/pico_runtime_init/runtime_init_clocks.c.obj
 .debug_abbrev  0x000043fe       0x12 CMakeFiles/tarefa.dir/C_/Users/KauanFarias/.pico-sdk/sdk/2.1.0/src/rp2_common/pico_bit_ops/bit_ops_aeabi.S.obj
 .debug_abbrev  0x00004410       0x12 CMakeFiles/tarefa.dir/C_/Users/KauanFarias/.pico-sdk/sdk/2.1.0/src/rp2_common/pico_divider/divider_hardware.S.obj
 .debug_abbrev  0x00004422       0x12 CMakeFiles/tarefa.dir/C_/Users/KauanFarias/.pico-sdk/sdk/2.1.0/src/rp2_common/pico_double/double_aeabi_rp2040.S.obj
 .debug_abbrev  0x00004434      0x1bb CMakeFiles/tarefa.dir/C_/Users/KauanFarias/.pico-sdk/sdk/2.1.0/src/rp2_common/pico_double/double_init_rom_rp2040.c.obj
 .debug_abbrev  0x000045ef       0x14 CMakeFiles/tarefa.dir/C_/Users/KauanFarias/.pico-sdk/sdk/2.1.0/src/rp2_common/pico_double/double_v1_rom_shim_rp2040.S.obj
 .debug_abbrev  0x00004603       0x14 CMakeFiles/tarefa.dir/C_/Users/KauanFarias/.pico-sdk/sdk/2.1.0/src/rp2_common/pico_int64_ops/pico_int64_ops_aeabi.S.obj
 .debug_abbrev  0x00004617       0x12 CMakeFiles/tarefa.dir/C_/Users/KauanFarias/.pico-sdk/sdk/2.1.0/src/rp2_common/pico_float/float_aeabi_rp2040.S.obj
 .debug_abbrev  0x00004629      0x19e CMakeFiles/tarefa.dir/C_/Users/KauanFarias/.pico-sdk/sdk/2.1.0/src/rp2_common/pico_float/float_init_rom_rp2040.c.obj
 .debug_abbrev  0x000047c7       0x12 CMakeFiles/tarefa.dir/C_/Users/KauanFarias/.pico-sdk/sdk/2.1.0/src/rp2_common/pico_mem_ops/mem_ops_aeabi.S.obj
 .debug_abbrev  0x000047d9       0xb8 CMakeFiles/tarefa.dir/C_/Users/KauanFarias/.pico-sdk/sdk/2.1.0/src/rp2_common/pico_standard_binary_info/standard_binary_info.c.obj
 .debug_abbrev  0x00004891      0x525 CMakeFiles/tarefa.dir/C_/Users/KauanFarias/.pico-sdk/sdk/2.1.0/src/rp2_common/pico_printf/printf.c.obj
 .debug_abbrev  0x00004db6       0x12 CMakeFiles/tarefa.dir/C_/Users/KauanFarias/.pico-sdk/sdk/2.1.0/src/rp2_common/pico_crt0/crt0.S.obj
 .debug_abbrev  0x00004dc8      0x352 CMakeFiles/tarefa.dir/C_/Users/KauanFarias/.pico-sdk/sdk/2.1.0/src/rp2_common/pico_clib_interface/newlib_interface.c.obj
 .debug_abbrev  0x0000511a      0x5eb CMakeFiles/tarefa.dir/C_/Users/KauanFarias/.pico-sdk/sdk/2.1.0/src/rp2_common/pico_stdio/stdio.c.obj
 .debug_abbrev  0x00005705      0x498 CMakeFiles/tarefa.dir/C_/Users/KauanFarias/.pico-sdk/sdk/2.1.0/src/rp2_common/pico_stdio_uart/stdio_uart.c.obj
 .debug_abbrev  0x00005b9d      0x481 CMakeFiles/tarefa.dir/C_/Users/KauanFarias/.pico-sdk/sdk/2.1.0/src/rp2_common/hardware_i2c/i2c.c.obj
 .debug_abbrev  0x0000601e      0x521 CMakeFiles/tarefa.dir/C_/Users/KauanFarias/.pico-sdk/sdk/2.1.0/src/rp2_common/hardware_pio/pio.c.obj

.debug_loclists
                0x00000000    0x145e8
 .debug_loclists
                0x00000000      0x862 CMakeFiles/tarefa.dir/tarefa.c.obj
 .debug_loclists
                0x00000862      0x52a CMakeFiles/tarefa.dir/ws2812.c.obj
 .debug_loclists
                0x00000d8c      0x1fa CMakeFiles/tarefa.dir/ssd1306.c.obj
 .debug_loclists
                0x00000f86     0x1a03 CMakeFiles/tarefa.dir/C_/Users/KauanFarias/.pico-sdk/sdk/2.1.0/src/rp2_common/hardware_gpio/gpio.c.obj
 .debug_loclists
                0x00002989      0x36e CMakeFiles/tarefa.dir/C_/Users/KauanFarias/.pico-sdk/sdk/2.1.0/src/common/hardware_claim/claim.c.obj
 .debug_loclists
                0x00002cf7       0xf1 CMakeFiles/tarefa.dir/C_/Users/KauanFarias/.pico-sdk/sdk/2.1.0/src/rp2_common/hardware_sync/sync.c.obj
 .debug_loclists
                0x00002de8       0x7d CMakeFiles/tarefa.dir/C_/Users/KauanFarias/.pico-sdk/sdk/2.1.0/src/rp2_common/hardware_sync_spin_lock/sync_spin_lock.c.obj
 .debug_loclists
                0x00002e65     0x116f CMakeFiles/tarefa.dir/C_/Users/KauanFarias/.pico-sdk/sdk/2.1.0/src/rp2_common/hardware_irq/irq.c.obj
 .debug_loclists
                0x00003fd4       0x41 CMakeFiles/tarefa.dir/C_/Users/KauanFarias/.pico-sdk/sdk/2.1.0/src/common/pico_sync/lock_core.c.obj
 .debug_loclists
                0x00004015      0xafa CMakeFiles/tarefa.dir/C_/Users/KauanFarias/.pico-sdk/sdk/2.1.0/src/common/pico_sync/mutex.c.obj
 .debug_loclists
                0x00004b0f     0x24bd CMakeFiles/tarefa.dir/C_/Users/KauanFarias/.pico-sdk/sdk/2.1.0/src/common/pico_time/time.c.obj
 .debug_loclists
                0x00006fcc     0x1a12 CMakeFiles/tarefa.dir/C_/Users/KauanFarias/.pico-sdk/sdk/2.1.0/src/rp2_common/hardware_timer/timer.c.obj
 .debug_loclists
                0x000089de      0xc90 CMakeFiles/tarefa.dir/C_/Users/KauanFarias/.pico-sdk/sdk/2.1.0/src/rp2_common/hardware_uart/uart.c.obj
 .debug_loclists
                0x0000966e     0x28a5 CMakeFiles/tarefa.dir/C_/Users/KauanFarias/.pico-sdk/sdk/2.1.0/src/rp2_common/hardware_clocks/clocks.c.obj
 .debug_loclists
                0x0000bf13      0x1e0 CMakeFiles/tarefa.dir/C_/Users/KauanFarias/.pico-sdk/sdk/2.1.0/src/rp2_common/hardware_pll/pll.c.obj
 .debug_loclists
                0x0000c0f3       0x47 CMakeFiles/tarefa.dir/C_/Users/KauanFarias/.pico-sdk/sdk/2.1.0/src/rp2_common/hardware_ticks/ticks.c.obj
 .debug_loclists
                0x0000c13a      0x38a CMakeFiles/tarefa.dir/C_/Users/KauanFarias/.pico-sdk/sdk/2.1.0/src/rp2_common/pico_bootrom/bootrom.c.obj
 .debug_loclists
                0x0000c4c4       0x48 CMakeFiles/tarefa.dir/C_/Users/KauanFarias/.pico-sdk/sdk/2.1.0/src/rp2_common/hardware_xosc/xosc.c.obj
 .debug_loclists
                0x0000c50c       0x7e CMakeFiles/tarefa.dir/C_/Users/KauanFarias/.pico-sdk/sdk/2.1.0/src/rp2_common/pico_runtime/runtime.c.obj
 .debug_loclists
                0x0000c58a       0xba CMakeFiles/tarefa.dir/C_/Users/KauanFarias/.pico-sdk/sdk/2.1.0/src/rp2_common/pico_runtime_init/runtime_init.c.obj
 .debug_loclists
                0x0000c644       0x74 CMakeFiles/tarefa.dir/C_/Users/KauanFarias/.pico-sdk/sdk/2.1.0/src/rp2_common/pico_runtime_init/runtime_init_clocks.c.obj
 .debug_loclists
                0x0000c6b8       0x35 CMakeFiles/tarefa.dir/C_/Users/KauanFarias/.pico-sdk/sdk/2.1.0/src/rp2_common/pico_double/double_init_rom_rp2040.c.obj
 .debug_loclists
                0x0000c6ed       0x4e CMakeFiles/tarefa.dir/C_/Users/KauanFarias/.pico-sdk/sdk/2.1.0/src/rp2_common/pico_float/float_init_rom_rp2040.c.obj
 .debug_loclists
                0x0000c73b     0x2f65 CMakeFiles/tarefa.dir/C_/Users/KauanFarias/.pico-sdk/sdk/2.1.0/src/rp2_common/pico_printf/printf.c.obj
 .debug_loclists
                0x0000f6a0      0x431 CMakeFiles/tarefa.dir/C_/Users/KauanFarias/.pico-sdk/sdk/2.1.0/src/rp2_common/pico_clib_interface/newlib_interface.c.obj
 .debug_loclists
                0x0000fad1      0xeab CMakeFiles/tarefa.dir/C_/Users/KauanFarias/.pico-sdk/sdk/2.1.0/src/rp2_common/pico_stdio/stdio.c.obj
 .debug_loclists
                0x0001097c      0x754 CMakeFiles/tarefa.dir/C_/Users/KauanFarias/.pico-sdk/sdk/2.1.0/src/rp2_common/pico_stdio_uart/stdio_uart.c.obj
 .debug_loclists
                0x000110d0     0x13a7 CMakeFiles/tarefa.dir/C_/Users/KauanFarias/.pico-sdk/sdk/2.1.0/src/rp2_common/hardware_i2c/i2c.c.obj
 .debug_loclists
                0x00012477     0x2171 CMakeFiles/tarefa.dir/C_/Users/KauanFarias/.pico-sdk/sdk/2.1.0/src/rp2_common/hardware_pio/pio.c.obj

.debug_aranges  0x00000000     0x1048
 .debug_aranges
                0x00000000       0x40 CMakeFiles/tarefa.dir/tarefa.c.obj
 .debug_aranges
                0x00000040       0x30 CMakeFiles/tarefa.dir/ws2812.c.obj
 .debug_aranges
                0x00000070       0x50 CMakeFiles/tarefa.dir/ssd1306.c.obj
 .debug_aranges
                0x000000c0      0x120 CMakeFiles/tarefa.dir/C_/Users/KauanFarias/.pico-sdk/sdk/2.1.0/src/rp2_common/hardware_gpio/gpio.c.obj
 .debug_aranges
                0x000001e0       0x28 CMakeFiles/tarefa.dir/C_/Users/KauanFarias/.pico-sdk/sdk/2.1.0/src/rp2_common/pico_platform_panic/panic.c.obj
 .debug_aranges
                0x00000208       0x48 CMakeFiles/tarefa.dir/C_/Users/KauanFarias/.pico-sdk/sdk/2.1.0/src/common/hardware_claim/claim.c.obj
 .debug_aranges
                0x00000250       0x48 CMakeFiles/tarefa.dir/C_/Users/KauanFarias/.pico-sdk/sdk/2.1.0/src/rp2_common/hardware_sync/sync.c.obj
 .debug_aranges
                0x00000298       0x28 CMakeFiles/tarefa.dir/C_/Users/KauanFarias/.pico-sdk/sdk/2.1.0/src/rp2_common/hardware_sync_spin_lock/sync_spin_lock.c.obj
 .debug_aranges
                0x000002c0       0xb0 CMakeFiles/tarefa.dir/C_/Users/KauanFarias/.pico-sdk/sdk/2.1.0/src/rp2_common/hardware_irq/irq.c.obj
 .debug_aranges
                0x00000370       0x20 CMakeFiles/tarefa.dir/C_/Users/KauanFarias/.pico-sdk/sdk/2.1.0/src/common/pico_sync/lock_core.c.obj
 .debug_aranges
                0x00000390       0x98 CMakeFiles/tarefa.dir/C_/Users/KauanFarias/.pico-sdk/sdk/2.1.0/src/common/pico_sync/mutex.c.obj
 .debug_aranges
                0x00000428       0xe0 CMakeFiles/tarefa.dir/C_/Users/KauanFarias/.pico-sdk/sdk/2.1.0/src/common/pico_time/time.c.obj
 .debug_aranges
                0x00000508       0xf0 CMakeFiles/tarefa.dir/C_/Users/KauanFarias/.pico-sdk/sdk/2.1.0/src/rp2_common/hardware_timer/timer.c.obj
 .debug_aranges
                0x000005f8       0x58 CMakeFiles/tarefa.dir/C_/Users/KauanFarias/.pico-sdk/sdk/2.1.0/src/rp2_common/hardware_uart/uart.c.obj
 .debug_aranges
                0x00000650       0x90 CMakeFiles/tarefa.dir/C_/Users/KauanFarias/.pico-sdk/sdk/2.1.0/src/rp2_common/hardware_clocks/clocks.c.obj
 .debug_aranges
                0x000006e0       0x28 CMakeFiles/tarefa.dir/C_/Users/KauanFarias/.pico-sdk/sdk/2.1.0/src/rp2_common/hardware_pll/pll.c.obj
 .debug_aranges
                0x00000708       0x30 CMakeFiles/tarefa.dir/C_/Users/KauanFarias/.pico-sdk/sdk/2.1.0/src/rp2_common/hardware_ticks/ticks.c.obj
 .debug_aranges
                0x00000738       0x40 CMakeFiles/tarefa.dir/C_/Users/KauanFarias/.pico-sdk/sdk/2.1.0/src/rp2_common/pico_bootrom/bootrom.c.obj
 .debug_aranges
                0x00000778       0x30 CMakeFiles/tarefa.dir/C_/Users/KauanFarias/.pico-sdk/sdk/2.1.0/src/rp2_common/hardware_xosc/xosc.c.obj
 .debug_aranges
                0x000007a8       0x38 CMakeFiles/tarefa.dir/C_/Users/KauanFarias/.pico-sdk/sdk/2.1.0/src/rp2_common/pico_runtime/runtime.c.obj
 .debug_aranges
                0x000007e0       0x48 CMakeFiles/tarefa.dir/C_/Users/KauanFarias/.pico-sdk/sdk/2.1.0/src/rp2_common/pico_runtime_init/runtime_init.c.obj
 .debug_aranges
                0x00000828       0x20 CMakeFiles/tarefa.dir/C_/Users/KauanFarias/.pico-sdk/sdk/2.1.0/src/rp2_common/pico_runtime_init/runtime_init_clocks.c.obj
 .debug_aranges
                0x00000848       0x60 CMakeFiles/tarefa.dir/C_/Users/KauanFarias/.pico-sdk/sdk/2.1.0/src/rp2_common/pico_bit_ops/bit_ops_aeabi.S.obj
 .debug_aranges
                0x000008a8       0x40 CMakeFiles/tarefa.dir/C_/Users/KauanFarias/.pico-sdk/sdk/2.1.0/src/rp2_common/pico_divider/divider_hardware.S.obj
 .debug_aranges
                0x000008e8      0x140 CMakeFiles/tarefa.dir/C_/Users/KauanFarias/.pico-sdk/sdk/2.1.0/src/rp2_common/pico_double/double_aeabi_rp2040.S.obj
 .debug_aranges
                0x00000a28       0x28 CMakeFiles/tarefa.dir/C_/Users/KauanFarias/.pico-sdk/sdk/2.1.0/src/rp2_common/pico_double/double_init_rom_rp2040.c.obj
 .debug_aranges
                0x00000a50       0x20 CMakeFiles/tarefa.dir/C_/Users/KauanFarias/.pico-sdk/sdk/2.1.0/src/rp2_common/pico_double/double_v1_rom_shim_rp2040.S.obj
 .debug_aranges